00000000 a *ABS*
00000000 a *ABS*
00000000 a *ABS*
00000000 a *ABS*
00000000 a *ABS*
00000000 a *ABS*
00000000 a *ABS*
00000000 a *ABS*
00000000 a *ABS*
00000000 a *ABS*
00000000 a *ABS*
00000000 a *ABS*
00000000 a *ABS*
00000000 a *ABS*
00000000 a *ABS*
00000000 a *ABS*
00000000 a *ABS*
00000000 a *ABS*
00000000 a *ABS*
00000000 a *ABS*
00000000 a *ABS*
00000000 a *ABS*
00000000 a *ABS*
00000000 a *ABS*
00000000 a *ABS*
00000000 a *ABS*
00000000 a *ABS*
00000000 a *ABS*
00000000 a *ABS*
00000000 a *ABS*
00000000 a *ABS*
00000000 a *ABS*
00000000 a *ABS*
00000000 a *ABS*
00000000 a *ABS*
00000000 a *ABS*
00000000 a *ABS*
00000000 a *ABS*
00000000 a *ABS*
00000000 a *ABS*
00000000 a *ABS*
00000000 a *ABS*
00000000 a *ABS*
00000000 a *ABS*
00000000 a *ABS*
00000000 a *ABS*
00000000 a *ABS*
00000000 a *ABS*
00000000 a *ABS*
00000000 a *ABS*
00000000 a *ABS*
00000000 a *ABS*
00000000 a *ABS*
00000000 a *ABS*
00000000 a *ABS*
00000000 a *ABS*
00000000 a *ABS*
00000000 a *ABS*
00000000 a *ABS*
00000000 a *ABS*
00000000 a *ABS*
00000000 a *ABS*
00000000 a *ABS*
00000000 a *ABS*
00000000 a *ABS*
00000000 a *ABS*
00000000 a *ABS*
00000000 a *ABS*
00000000 a *ABS*
00000000 a *ABS*
00000000 a *ABS*
00000000 a *ABS*
00000000 a *ABS*
00000000 a *ABS*
00000000 a *ABS*
00000000 a *ABS*
00000000 a *ABS*
00000000 a *ABS*
00000000 a *ABS*
00000000 a *ABS*
00000000 a *ABS*
00000000 a *ABS*
00000000 a *ABS*
00000000 a *ABS*
00000000 a *ABS*
00000000 a *ABS*
00000000 a *ABS*
00000000 a *ABS*
00000000 a *ABS*
00000000 a *ABS*
00000000 a *ABS*
00000000 a *ABS*
00000000 a *ABS*
00000000 a *ABS*
00000000 a *ABS*
00000000 a *ABS*
00000000 a *ABS*
00000000 a *ABS*
00000000 a *ABS*
00000000 a *ABS*
00000000 a *ABS*
00000000 a *ABS*
00000000 a *ABS*
00000000 a *ABS*
00000000 a *ABS*
00000000 a *ABS*
00000000 a *ABS*
00000000 a *ABS*
00000000 a *ABS*
00000000 a *ABS*
00000000 a *ABS*
00000000 a *ABS*
00000000 a *ABS*
00000000 a *ABS*
00000000 a *ABS*
00000000 a *ABS*
00000000 a *ABS*
00000000 a *ABS*
00000000 a *ABS*
00000000 a *ABS*
00000000 a *ABS*
00000000 a *ABS*
00000000 a *ABS*
00000000 a *ABS*
00000000 a *ABS*
00000000 a *ABS*
00000000 a *ABS*
00000000 a *ABS*
00000000 a *ABS*
00000000 a *ABS*
00000000 a *ABS*
00000000 a *ABS*
00000000 a *ABS*
00000000 a *ABS*
00000000 a *ABS*
00000000 a *ABS*
00000000 a *ABS*
00000000 a *ABS*
00000000 a *ABS*
00000000 a *ABS*
00000000 a *ABS*
00000000 a *ABS*
00000000 a *ABS*
00000000 a *ABS*
00000000 a *ABS*
00000000 a *ABS*
00000000 a *ABS*
00000000 a *ABS*
00000000 a *ABS*
00000000 a *ABS*
00000000 a *ABS*
00000000 a *ABS*
00000000 a *ABS*
00000000 a *ABS*
00000000 a *ABS*
00000000 a *ABS*
00000000 a *ABS*
00000000 a *ABS*
00000000 a *ABS*
00000000 a *ABS*
00000000 a *ABS*
00000000 a *ABS*
00000000 a *ABS*
00000000 a *ABS*
00000000 a *ABS*
00000000 a *ABS*
00000000 a *ABS*
00000000 a *ABS*
00000000 a *ABS*
00000000 a *ABS*
00000000 a *ABS*
00000000 a *ABS*
00000000 a *ABS*
00000000 a *ABS*
00000000 a *ABS*
00000000 a *ABS*
00000000 a *ABS*
00000000 a *ABS*
00000000 a *ABS*
00000000 a *ABS*
00000000 a *ABS*
00000000 a *ABS*
00000000 a *ABS*
00000000 a *ABS*
00000000 a *ABS*
00000000 a *ABS*
00000000 a *ABS*
00000000 a *ABS*
00000000 a *ABS*
00000000 a *ABS*
00000000 a *ABS*
00000000 a *ABS*
00000000 a *ABS*
00000000 a *ABS*
00000000 a *ABS*
00000000 a *ABS*
00000000 a *ABS*
00000000 a *ABS*
00000000 a *ABS*
00000000 a *ABS*
00000000 a *ABS*
00000000 a *ABS*
00000000 a *ABS*
00000000 a *ABS*
00000000 a *ABS*
00000000 a *ABS*
00000000 a *ABS*
00000000 a *ABS*
00000000 a *ABS*
00000000 a *ABS*
00000000 a *ABS*
00000000 a *ABS*
00000000 a *ABS*
00000000 a *ABS*
00000000 a *ABS*
00000000 a *ABS*
00000000 a *ABS*
00000000 a *ABS*
00000000 a *ABS*
00000000 a *ABS*
00000000 a *ABS*
00000000 a *ABS*
00000000 a *ABS*
00000000 a *ABS*
00000000 a *ABS*
00000000 a *ABS*
00000000 a *ABS*
00000000 a *ABS*
00000000 a *ABS*
00000000 a *ABS*
00000000 a *ABS*
00000000 a *ABS*
00000000 a *ABS*
00000000 a *ABS*
00000000 a *ABS*
00000000 a *ABS*
00000000 a *ABS*
00000000 a *ABS*
00000000 a *ABS*
00000000 a *ABS*
00000000 a *ABS*
00000000 a *ABS*
00000000 a *ABS*
00000000 a *ABS*
00000000 a *ABS*
00000000 a *ABS*
00000000 a *ABS*
00000000 a *ABS*
00000000 a *ABS*
00000000 a *ABS*
00000000 a *ABS*
00000000 a *ABS*
00000000 a *ABS*
00000000 a *ABS*
00000000 a *ABS*
00000000 a *ABS*
00000000 a *ABS*
00000000 a *ABS*
00000000 a *ABS*
00030000 ? _stack
8c010000 T _start
8c010000 T start
8c010014 t setup_cache
8c010030 t init
8c01004a T _arch_real_exit
8c01007a t normal_exit
8c010084 t dcload_magic_addr
8c010088 t dcload_magic_value
8c01008c t dcload_syscall
8c010090 T __arch_old_sr
8c010090 t old_sr
8c010094 T __arch_old_vbr
8c010094 t old_vbr
8c010098 t init_sr
8c01009c t old_sr_addr
8c0100a0 t old_vbr_addr
8c0100a4 t old_stack_addr
8c0100a8 T __arch_old_stack
8c0100a8 t old_stack
8c0100ac t new_stack
8c0100b0 t p2_mask
8c0100b4 t setup_cache_addr
8c0100b8 t init_addr
8c0100bc t main_addr
8c0100c0 t mmu_addr
8c0100c4 t fpscr_addr
8c0100c8 t ccr_addr
8c0100cc t ccr_data
8c0100e0 T __read
8c010120 T __lseek
8c010160 T __write
8c0101c0 T __close
8c010200 T __open
8c010260 T __fstat
8c0102e0 T __creat
8c010340 T __rename
8c010360 T _rename
8c010380 T __unlink
8c0103a0 T _chdir
8c0103c0 T __exit
8c0103e0 T _opendir
8c010400 T _readdir
8c010420 T _closedir
8c010440 T __sbrk
8c0104e0 T _mm_init
8c010500 T __link
8c010520 T _isatty
8c010540 T __kill
8c010560 T __getpid
8c010580 T __raise
8c0105a0 T __chmod
8c0105c0 T __chown
8c0105e0 T __utime
8c010600 T __fork
8c010620 T __wait
8c010640 T __execve
8c010660 T __execv
8c010680 T __pipe
8c0106a0 T _Chase_Update
8c010840 T _Chase_Init
8c010880 T _Chase_Reset
8c0108a0 T _TraceLine
8c010920 T _CL_GetMessage
8c010c60 T _CL_Record_f
8c010e00 T _CL_PlayDemo_f
8c010f20 T _CL_FinishTimeDemo
8c010f80 T _CL_StopPlayback
8c011020 T _CL_WriteDemoMessage
8c0110e0 T _CL_Stop_f
8c011200 T _CL_TimeDemo_f
8c011280 T _CL_AdjustAngles
8c011840 T _CL_BaseMove
8c011de0 T _CL_SendMove
8c011fa0 T _CL_InitInput
8c012220 T _KeyDown
8c0122c0 T _KeyUp
8c012360 T _IN_KLookDown
8c012400 T _IN_KLookUp
8c0124a0 T _IN_MLookDown
8c012540 T _IN_MLookUp
8c012600 T _IN_UpDown
8c0126a0 T _IN_UpUp
8c012740 T _IN_DownDown
8c0127e0 T _IN_DownUp
8c012880 T _IN_LeftDown
8c012920 T _IN_LeftUp
8c0129c0 T _IN_RightDown
8c012a60 T _IN_RightUp
8c012b00 T _IN_ForwardDown
8c012ba0 T _IN_ForwardUp
8c012c40 T _IN_BackDown
8c012ce0 T _IN_BackUp
8c012d80 T _IN_LookupDown
8c012e20 T _IN_LookupUp
8c012ec0 T _IN_LookdownDown
8c012f60 T _IN_LookdownUp
8c013000 T _IN_MoveleftDown
8c0130a0 T _IN_MoveleftUp
8c013140 T _IN_MoverightDown
8c0131e0 T _IN_MoverightUp
8c013280 T _IN_SpeedDown
8c013320 T _IN_SpeedUp
8c0133c0 T _IN_StrafeDown
8c013460 T _IN_StrafeUp
8c013500 T _IN_AttackDown
8c0135a0 T _IN_AttackUp
8c013640 T _IN_UseDown
8c0136e0 T _IN_UseUp
8c013780 T _IN_JumpDown
8c013820 T _IN_JumpUp
8c0138c0 T _IN_Impulse
8c013900 T _CL_KeyState
8c013980 T _IN_CrouchDown
8c013a60 T _IN_CrouchUp
8c013b00 T _IN_infoPlaqueUp
8c013ba0 T _IN_infoPlaqueDown
8c013c80 T _CL_ClearStates
8c013d20 T _CL_RemoveMatchFiles
8c013e20 T _CL_CopyFiles
8c013f40 T _CL_SignonReply
8c0140a0 T _CL_AllocDlight
8c0141c0 T _CL_LerpPoint
8c014280 T _CL_RelinkEntities
8c014dc0 T _CL_Init
8c014f60 T _CL_ClearState
8c015100 T _CL_RemoveGIPFiles
8c015120 T _CL_Disconnect
8c015280 T _CL_Disconnect_f
8c015400 T _CL_EstablishConnection
8c0155e0 T _CL_NextDemo
8c015680 T _CL_PrintEntities_f
8c015740 T _SetPal
8c015760 T _CL_DecayLights
8c015820 T _CL_ReadFromServer
8c015920 T _CL_SendCmd
8c015a20 T _CL_Sensitivity_save_f
8c015ae0 T _CL_KeepaliveMessage
8c015c60 T _CL_ParseServerInfo
8c016260 T _CL_ParseUpdate
8c016b60 T _CL_ParseUpdate2
8c016e00 T _CL_ParseClientdata
8c0170c0 T _CL_NewTranslation
8c017160 T _CL_ParseStatic
8c0172e0 T _CL_ParseServerMessage
8c019660 T _CL_EntityNum
8c019740 T _CL_ParseStartSoundPacket
8c019860 T _CL_ParseBaseline
8c0198e0 T _CL_ParseStaticSound
8c019960 T _CL_Plaque
8c0199c0 T _CL_ParticleExplosion
8c019a20 T _CL_ParseRainEffect
8c019ac0 T _CL_ParseTEnt
8c019de0 t _ParseStream
8c01a120 t _NewStream
8c01a340 T _CL_UpdateTEnts
8c01ab20 t _NewStreamEntity
8c01aba0 T _CL_InitTEnts
8c01ac20 T _CL_ClearTEnts
8c01ac40 T _Cbuf_Execute
8c01ae60 T _Cmd_StuffCmds_f
8c01b0e0 T _Cmd_Alias_f
8c01b360 T _Cmd_Argc
8c01b380 T _Cmd_Argv
8c01b3c0 T _Cmd_TokenizeString
8c01b4e0 T _Cmd_AddCommand
8c01b600 T _Cmd_ExecuteString
8c01b7c0 T _Cmd_Wait_f
8c01b7e0 T _Cbuf_Init
8c01b800 T _Cbuf_AddText
8c01b860 T _Cbuf_InsertText
8c01b940 T _Cmd_Exec_f
8c01b9e0 T _Cmd_Echo_f
8c01ba60 T _Cmd_List_f
8c01bb00 T _CopyString
8c01bb40 T _Cmd_Init
8c01bbc0 T _Cmd_Args
8c01bbe0 T _Cmd_Exists
8c01bc20 T _Cmd_CompleteCommand
8c01bca0 T _Cmd_ForwardToServer
8c01bda0 T _Cmd_CheckParm
8c01be40 T _WriteCommands
8c01be80 T _ListCommands
8c01bee0 T _COM_Parse
8c01c080 T _COM_InitArgv
8c01c1c0 T _COM_Init
8c01c420 T _va
8c01c4a0 T _COM_FindFile
8c01c8e0 T _COM_OpenFile
8c01c900 T _COM_CloseFile
8c01c960 T _COM_LoadFile
8c01cba0 T _COM_LoadPackFile
8c01ce20 T _COM_InitFilesystem
8c01d520 T _ClearLink
8c01d540 T _RemoveLink
8c01d560 T _InsertLinkBefore
8c01d580 T _InsertLinkAfter
8c01d5a0 T _ShortSwap
8c01d5c0 T _ShortNoSwap
8c01d5e0 T _LongSwap
8c01d620 T _LongNoSwap
8c01d640 T _FloatSwap
8c01d6a0 T _FloatNoSwap
8c01d6c0 T _MSG_WriteChar
8c01d760 T _MSG_WriteByte
8c01d800 T _MSG_WriteShort
8c01d8a0 T _MSG_WriteLong
8c01d960 T _MSG_WriteFloat
8c01da40 T _MSG_WriteString
8c01dbc0 T _MSG_WriteCoord
8c01dbe0 T _MSG_WriteAngle
8c01dc20 T _MSG_BeginReading
8c01dc40 T _MSG_ReadChar
8c01dc80 T _MSG_ReadByte
8c01dcc0 T _MSG_ReadShort
8c01dd20 T _MSG_ReadLong
8c01dd80 T _MSG_ReadFloat
8c01de00 T _MSG_ReadString
8c01e000 T _MSG_ReadCoord
8c01e080 T _MSG_ReadAngle
8c01e0e0 T _SZ_Alloc
8c01e120 T _SZ_Free
8c01e140 T _SZ_Clear
8c01e160 T _SZ_GetSpace
8c01e200 T _SZ_Write
8c01e2c0 T _SZ_Print
8c01e440 T _COM_SkipPath
8c01e480 T _COM_StripExtension
8c01e4c0 T _COM_FileExtension
8c01e520 T _COM_FileBase
8c01e5e0 T _COM_DefaultExtension
8c01e660 T _COM_CheckParm
8c01e6e0 T _COM_CheckRegistered
8c01e840 T _memsearch
8c01e8e0 T _COM_Path_f
8c01e940 T _COM_WriteFile
8c01e9e0 T _COM_CreatePath
8c01ea40 T _COM_CopyFile
8c01eb20 T _COM_FOpenFile
8c01eb40 T _COM_LoadHunkFile
8c01eb60 T _COM_LoadHunkFile2
8c01eb80 T _COM_LoadTempFile
8c01eba0 T _COM_LoadCacheFile
8c01ebc0 T _COM_LoadStackFile
8c01ebe0 T _COM_AddGameDirectory
8c01ed00 T _Con_CheckResize
8c01ef00 T _Con_Print
8c01f1c0 T _Con_DebugLog
8c01f260 T _Con_Printf
8c01f3a0 T _Con_DPrintf
8c01f460 T _Con_SafePrintf
8c01f500 T _Con_DrawNotify
8c01f6a0 T _Con_ToggleConsole_f
8c01f740 T _Con_Clear_f
8c01f7a0 T _Con_ClearNotify
8c01f7c0 T _Con_MessageMode_f
8c01f7e0 T _Con_MessageMode2_f
8c01f800 T _Con_Init
8c01f9a0 T _Con_Linefeed
8c01fa40 T _Con_DrawInput
8c01fb20 T _Con_DrawConsole
8c01fce0 T _Con_NotifyBox
8c01fda0 T _CRC_Init
8c01fdc0 T _CRC_ProcessByte
8c01fde0 T _CRC_Value
8c01fe00 T _Cvar_FindVar
8c01fe40 T _Cvar_VariableValue
8c01fea0 T _Cvar_VariableString
8c01ff00 T _Cvar_CompleteVariable
8c01ff80 T _Cvar_Set
8c0200a0 T _Cvar_SetValue
8c0200e0 T _Cvar_RegisterVariable
8c0201e0 T _Cvar_Command
8c020280 T _Cvar_WriteVariables
8c0202e0 T _Host_EndGame
8c0203c0 T _Host_Error
8c0204c0 T _Host_FindMaxClients
8c020660 T _SV_ClientPrintf
8c020700 T _SV_BroadcastPrintf
8c020800 T _Host_ClientCommands
8c0208a0 T _SV_DropClient
8c020b00 T _Host_ShutdownServer
8c020d00 T __Host_Frame
8c021180 T _Host_Frame
8c021300 T _Host_InitVCR
8c021500 T _Host_Init
8c0218a0 T _Host_SaveConfig_f
8c021a20 T _Host_InitLocal
8c021b20 T _Host_WriteConfiguration
8c021c20 T _Host_ClearMemory
8c021ca0 T _Host_FilterTime
8c021d80 T _Host_GetConsoleCommands
8c021dc0 T _Host_ServerFrame
8c021e40 T _Host_Shutdown
8c021fe0 T _Host_Status_f
8c022200 T _Host_Map_f
8c022400 T _Host_Savegame_f
8c022920 T _Host_Loadgame_f
8c022ec0 T _SaveGamestate
8c023480 T _LoadGamestate
8c023d20 T _Host_Changelevel2_f
8c023f40 T _Host_Name_f
8c024140 T _Host_Class_f
8c024380 T _Host_Say
8c024560 T _Host_Tell_f
8c0246e0 T _Host_Color_f
8c024880 T _Host_Spawn_f
8c024d20 T _Host_Create_f
8c025100 T _Host_Kick_f
8c0253c0 T _Host_Give_f
8c025520 T _Host_InitCommands
8c0257a0 T _Host_Quit_f
8c0257e0 T _Host_God_f
8c0258a0 T _Host_Notarget_f
8c025960 T _Host_Noclip_f
8c025a40 T _Host_Ping_f
8c025b20 T _Host_Changelevel_f
8c025bc0 T _Host_Restart_f
8c025de0 T _Host_Reconnect_f
8c025e40 T _Host_Connect_f
8c025f00 T _Host_SavegameComment
8c025fa0 T _RestoreClients
8c026120 T _Host_Version_f
8c026160 T _Host_Say_f
8c026180 T _Host_Say_Team_f
8c0261a0 T _Host_Kill_f
8c026220 T _Host_Pause_f
8c026300 T _Host_PreSpawn_f
8c0263a0 T _strdiff
8c026420 T _Host_Commands_f
8c0264c0 T _Host_Begin_f
8c026500 T _FindViewthing
8c0265a0 T _Host_Viewmodel_f
8c0266a0 T _Host_Viewframe_f
8c026780 T _PrintFrameName
8c0267e0 T _Host_Viewnext_f
8c026900 T _Host_Viewprev_f
8c026a20 T _Host_Startdemos_f
8c026c00 T _Host_Demos_f
8c026c80 T _Host_Stopdemo_f
8c026cc0 T _Key_Console
8c027060 T _Key_Message
8c027140 T _Key_Bind_f
8c0274e0 T _Key_Init
8c027760 T _Key_Event
8c027c00 T _Key_StringToKeynum
8c027c80 T _Key_KeynumToString
8c027d00 T _Key_SetBinding
8c027d80 T _Key_Unbind_f
8c027ea0 T _Key_Unbindall_f
8c027f60 T _Key_WriteBindings
8c028020 T _Key_ClearStates
8c028080 T _BoxOnPlaneSide
8c028300 T _anglemod
8c028320 T _BOPS_Error
8c028340 T _AngleVectors
8c028400 T _VectorCompare
8c028440 T _VectorMA
8c028480 T __DotProduct
8c0284c0 T __VectorSubtract
8c028500 T __VectorAdd
8c028540 T __VectorCopy
8c028560 T __CrossProduct
8c0285c0 T __Length
8c0285e0 T __VectorNormalize
8c028620 T __VectorInverse
8c028640 T __VectorScale
8c028660 T _Q_log2
8c028680 T _R_ConcatRotations
8c0287c0 T _R_ConcatTransforms
8c0289a0 T _FloorDivMod
8c028a60 T _GreatestCommonDivisor
8c028b00 T _Invert24To16
8c028b40 T _M_BuildTranslationTable
8c028c60 T _M_DrawTextBox
8c029120 T _M_DrawTextBox2
8c0296e0 T _ScrollTitle
8c0298c0 T _M_Main_Key
8c029aa0 T _M_Difficulty_Key
8c029c40 T _M_Menu_Class_f
8c029c60 T _M_Class_Key
8c029da0 T _M_Menu_SinglePlayer_f
8c029de0 T _M_SinglePlayer_Key
8c02a0a0 T _M_Menu_Load_f
8c02a1e0 T _M_Menu_Save_f
8c02a340 T _M_Load_Key
8c02a460 T _M_MLoad_Key
8c02a5e0 T _M_Menu_MultiPlayer_f
8c02a620 T _M_MultiPlayer_Key
8c02ab00 T _M_Menu_Setup_f
8c02abe0 T _M_Setup_Key
8c02b040 T _M_Menu_Net_f
8c02b0a0 T _M_Net_Draw
8c02b520 T _M_Net_Key
8c02b6e0 T _M_Menu_Options_f
8c02b720 T _M_AdjustSliders
8c02baa0 T _M_Options_Draw
8c02c600 T _M_Options_Key
8c02c8a0 T _M_Menu_Keys_f
8c02c8c0 T _M_FindKeysForCommand
8c02ca60 T _M_Keys_Draw
8c02cda0 T _M_Keys_Key
8c02d1a0 T _M_Menu_Video_f
8c02d1c0 T _M_Menu_Help_f
8c02d200 T _M_Menu_Quit_f
8c02d280 T _M_Quit_Draw
8c02d620 T _M_Menu_SerialConfig_f
8c02d760 T _M_SerialConfig_Draw
8c02dc40 T _M_SerialConfig_Key
8c02e100 T _M_Menu_ModemConfig_f
8c02e160 T _M_ModemConfig_Key
8c02e3e0 T _M_Menu_LanConfig_f
8c02e520 T _M_LanConfig_Draw
8c02e9c0 T _M_LanConfig_Key
8c02ede0 T _M_Menu_GameOptions_f
8c02ef60 T _M_GameOptions_Draw
8c02f680 T _M_NetStart_Change
8c02fac0 T _M_GameOptions_Key
8c02fd20 T _M_Menu_Search_f
8c02fd60 T _M_Search_Draw
8c02fe80 T _M_Menu_ServerList_f
8c02fee0 T _M_ServerList_Draw
8c030160 T _M_ServerList_Key
8c0302e0 T _M_Draw
8c032480 T _M_Keydown
8c0329e0 T _M_ConfigureNetSubsystem
8c032a60 T _M_DrawCharacter
8c032a80 T _M_Print
8c032ae0 T _M_DrawCharacter2
8c032b20 T _M_Print2
8c032ba0 T _M_PrintWhite
8c032c00 T _M_DrawTransPic
8c032c20 T _M_DrawTransPic2
8c032c60 T _M_DrawPic
8c032c80 T _M_DrawTransPicCropped
8c032ca0 T _M_DrawTransPicTranslate
8c032ce0 T _M_ToggleMenu_f
8c032de0 T _M_BuildBigCharWidth
8c032e00 T _M_DrawBigString
8c032f20 T _M_Menu_Main_f
8c032f60 T _M_Main_Draw
8c033500 T _M_Menu_Difficulty_f
8c033520 T _M_Difficulty_Draw
8c033760 T _M_Menu_Class2_f
8c033780 T _M_Class_Draw
8c0339c0 T _M_SinglePlayer_Draw
8c033fc0 T _M_ScanSaves
8c0340e0 T _M_Load_Draw
8c0341c0 T _M_Save_Draw
8c0342a0 T _M_Save_Key
8c0343a0 T _M_ScanMSaves
8c034500 T _M_Menu_MLoad_f
8c0346a0 T _M_Menu_MSave_f
8c034880 T _M_MSave_Key
8c034980 T _M_MultiPlayer_Draw
8c035040 T _M_Setup_Draw
8c0353e0 T _M_DrawSlider
8c035500 T _M_DrawCheckbox
8c0355c0 T _M_UnbindCommand
8c0356e0 T _M_Video_Draw
8c035700 T _M_Video_Key
8c035720 T _M_Help_Draw
8c035780 T _M_Help_Key
8c035880 T _M_Quit_Key
8c035940 T _M_ModemConfig_Draw
8c035dc0 T _M_Search_Key
8c035de0 T _M_Init
8c035f00 T _Loop_Connect
8c036000 T _Loop_Init
8c036020 T _Loop_Shutdown
8c036040 T _Loop_Listen
8c036060 T _Loop_SearchForHosts
8c036120 T _Loop_CheckNewConnections
8c036160 T _Loop_GetMessage
8c036240 T _Loop_SendMessage
8c0362e0 T _Loop_SendUnreliableMessage
8c036380 T _Loop_CanSendMessage
8c0363a0 T _Loop_CanSendUnreliableMessage
8c0363c0 T _Loop_Close
8c036420 T _NET_Connect
8c036740 T _NET_CheckNewConnections
8c036880 T _NET_GetMessage
8c036ac0 T _NET_SendToAll
8c036f00 T _NET_Init
8c037260 T _NET_Poll
8c037360 T _SchedulePollProcedure
8c0373e0 T _SetNetTime
8c037400 T _NET_NewQSocket
8c0374a0 T _NET_FreeQSocket
8c037520 T _NET_Slist_f
8c0375e0 T _NET_Close
8c0376a0 T _NET_SendMessage
8c037780 T _NET_SendUnreliableMessage
8c037860 T _NET_CanSendMessage
8c037900 T _NET_Shutdown
8c037a00 t _Slist_Send
8c037ae0 t _Slist_Poll
8c037cc0 t _NET_Listen_f
8c037da0 t _MaxPlayers_f
8c037f20 t _NET_Port_f
8c037fe0 T _VCR_Init
8c038060 T _VCR_ReadNext
8c038100 T _VCR_Listen
8c038120 T _VCR_Shutdown
8c038140 T _VCR_GetMessage
8c0382c0 T _VCR_SendMessage
8c0383a0 T _VCR_CanSendMessage
8c038480 T _VCR_Close
8c0384a0 T _VCR_SearchForHosts
8c0384c0 T _VCR_Connect
8c0384e0 T _VCR_CheckNewConnections
8c038620 T _SetMinMaxSize
8c038760 T _PF_ambientsound
8c038860 T _PF_traceline
8c038a20 T _PF_tracearea
8c038be0 T _PF_newcheckclient
8c038d40 T _PF_checkclient
8c038ec0 T _PF_findradius
8c038fc0 T _PF_Find
8c0390c0 T _PF_lightstylestatic
8c0391c0 T _PF_aim
8c0395a0 T _PF_changeyaw
8c039680 T _PF_rain_go
8c039780 T _PF_advanceweaponframe
8c039840 T _PF_concatv
8c0398e0 T _PF_VarString
8c039960 T _PF_error
8c039a20 T _PF_objerror
8c039ae0 T _PF_makevectors
8c039b20 T _PF_setorigin
8c039b60 T _PF_setsize
8c039ba0 T _PF_setmodel
8c039ca0 T _PF_setpuzzlemodel
8c039de0 T _PF_bprint
8c039e60 T _PF_sprint
8c039f40 T _PF_centerprint
8c03a020 T _PF_normalize
8c03a0c0 T _PF_vlen
8c03a100 T _PF_vhlen
8c03a120 T _PF_vectoyaw
8c03a180 T _PF_vectoangles
8c03a240 T _PF_random
8c03a280 T _PF_particle
8c03a2c0 T _PF_particle2
8c03a320 T _PF_particle3
8c03a360 T _PF_particle4
8c03a3a0 T _PF_StopSound
8c03a400 T _PF_UpdateSoundPos
8c03a460 T _PF_sound
8c03a540 T _PF_break
8c03a5a0 T _AddParticle
8c03a620 T _PF_checkpos
8c03a640 T _PF_stuffcmd
8c03a700 T _PF_localcmd
8c03a720 T _PF_cvar
8c03a760 T _PF_cvar_set
8c03a7a0 T _PF_dprint
8c03a820 T _PF_dprintf
8c03a8a0 T _PF_dprintv
8c03a900 T _PF_ftos
8c03a980 T _PF_fabs
8c03a9a0 T _PF_vtos
8c03aa00 T _PF_Spawn
8c03aa40 T _PF_SpawnTemp
8c03aa80 T _PF_Remove
8c03ab20 T _PF_FindFloat
8c03ac00 T _PR_CheckEmptyString
8c03ac40 T _PF_precache_file
8c03ac60 T _PF_precache_sound
8c03adc0 T _PF_precache_sound2
8c03af20 T _PF_precache_sound3
8c03b080 T _PF_precache_sound4
8c03b1e0 T _PF_precache_model
8c03b340 T _PF_precache_model2
8c03b380 T _PF_precache_model3
8c03b3c0 T _PF_precache_model4
8c03b400 T _PF_precache_puzzle_model
8c03b5a0 T _PF_coredump
8c03b5c0 T _PF_traceon
8c03b5e0 T _PF_traceoff
8c03b600 T _PF_eprint
8c03b640 T _PF_walkmove
8c03b740 T _PF_droptofloor
8c03b860 T _PF_lightstyle
8c03b940 T _PF_lightstylevalue
8c03b9a0 T _PF_rint
8c03b9e0 T _PF_floor
8c03ba20 T _PF_ceil
8c03ba60 T _PF_checkbottom
8c03bac0 T _PF_pointcontents
8c03bb00 T _PF_nextent
8c03bb80 T _WriteDest
8c03bcc0 T _PF_WriteByte
8c03be00 T _PF_WriteChar
8c03bf40 T _PF_WriteShort
8c03c080 T _PF_WriteLong
8c03c1c0 T _PF_WriteAngle
8c03c300 T _PF_WriteCoord
8c03c440 T _PF_WriteString
8c03c580 T _PF_WriteEntity
8c03c6e0 T _PF_makestatic
8c03c820 T _PF_setspawnparms
8c03c900 T _PF_changelevel
8c03c980 T _PF_sqrt
8c03c9a0 T _PF_Fixme
8c03c9c0 T _PF_plaque_draw
8c03cc60 T _PF_particleexplosion
8c03cd00 T _PF_movestep
8c03cda0 T _PF_Cos
8c03cde0 T _PF_Sin
8c03ce20 T _PF_AdvanceFrame
8c03cec0 T _PF_RewindFrame
8c03cf60 T _PF_setclass
8c03d020 T _PF_starteffect
8c03d040 T _PF_endeffect
8c03d0c0 T _PF_randomrange
8c03d120 T _PF_randomvalue
8c03d160 T _PF_randomvrange
8c03d220 T _PF_randomvvalue
8c03d2a0 T _PF_GetString
8c03d360 T _PF_v_factor
8c03d400 T _PF_v_factorrange
8c03d520 T _PF_matchAngleToSlope
8c03d6e0 T _PF_updateInfoPlaque
8c03d760 T _PF_doWhiteFlash
8c03d780 T _ED_Alloc_Temp
8c03d8c0 T _ED_Free
8c03d960 T _PR_ValueString
8c03dda0 T _PR_UglyValueString
8c03e1a0 T _ED_Print
8c03e3c0 T _ED_Write
8c03e5e0 T _ED_ParseEpair
8c03e900 T _ED_ParseEdict
8c03eca0 T _ED_LoadFromFile
8c03f160 T _PR_LoadProgs
8c03f7a0 T _PR_LoadInfoStrings
8c03f920 T _PR_LoadStrings
8c03fa80 T _EDICT_NUM
8c03fae0 T _NUM_FOR_EDICT
8c03fb80 T _ED_ClearEdict
8c03fbc0 T _ED_Alloc
8c03fd00 T _ED_GlobalAtOfs
8c03fdc0 T _ED_FieldAtOfs
8c03fe80 T _ED_FindField
8c03ff00 T _ED_FindGlobal
8c03ff80 T _ED_FindFunction
8c040000 T _ED_FindFunctioni
8c040080 T _GetEdictFieldValue
8c0401a0 T _f_tostring
8c040220 T _PR_GlobalString
8c040440 T _PR_GlobalStringNoContents
8c040600 T _ED_PrintNum
8c040620 T _ED_PrintEdicts
8c040680 T _ED_PrintEdict_f
8c0406e0 T _ED_Count
8c0407c0 T _ED_WriteGlobals
8c0408a0 T _ED_ParseGlobals
8c040a40 T _ED_NewString
8c040ae0 T _PR_Init
8c040bc0 T _PR_ExecuteProgram
8c041de0 t _EnterFunction
8c041fa0 t _LeaveFunction
8c042120 T _PR_RunError
8c042200 t _PrintCallHistory
8c042420 t _PrintStatement
8c0425c0 T _PR_Profile_f
8c042d00 T _R_InitParticles
8c042e40 T _R_DarkFieldParticles
8c043000 t _AllocParticle
8c043040 T _R_ReadPointFile_f
8c0431a0 T _R_ParticleExplosion
8c043300 T _R_RunParticleEffect
8c043520 T _R_LavaSplash
8c0436a0 T _R_TeleportSplash
8c043840 T _R_RunQuakeEffect
8c043a00 T _R_SunStaffTrail
8c043be0 T _RiderParticle
8c043d40 T _GravityWellParticle
8c043ec0 T _R_RocketTrail
8c044de0 T _R_RainEffect
8c044f40 T _R_SnowEffect
8c045240 T _R_ColoredParticleExplosion
8c0453a0 T _R_DrawParticles
8c045a00 T _R_UpdateParticles
8c046780 T _R_ClearParticles
8c046840 T _R_ParseParticleEffect
8c0468e0 T _R_ParseParticleEffect2
8c046a60 T _R_ParseParticleEffect3
8c046bc0 T _R_ParseParticleEffect4
8c046d00 T _R_RunParticleEffect2
8c046e20 T _R_RunParticleEffect3
8c046f40 T _R_RunParticleEffect4
8c047060 T _SB_Draw
8c047520 t _SetChainPosition
8c047620 t _DrawFullScreenInfo
8c047760 t _DrawLowerBar
8c047de0 t _CalcAC
8c047ee0 t _Sbar_DrawNum
8c047fe0 T _FindColor
8c048120 T _Sbar_DeathmatchOverlay
8c048560 T _FindName
8c0486a0 T _Sbar_NormalOverlay
8c0487c0 T _Sbar_SmallDeathmatchOverlay
8c048c60 t _DrawActiveRings
8c048dc0 t _DrawActiveArtifacts
8c048fa0 t _DrawBarArtifactIcon
8c049020 t _DrawArtifactInventory
8c049220 T _SB_InvChanged
8c049520 t _Sbar_DrawPic
8c049560 t _Sbar_DrawTransPic
8c0495a0 t _Sbar_DrawSmallString
8c0495e0 t _DrawBarArtifactNumber
8c0496a0 T _SB_Init
8c049840 T _SB_Changed
8c049860 T _Sbar_ColorForMap
8c049880 T _Sbar_DrawScoreboard
8c0498c0 T _Sbar_IntermissionNumber
8c0499a0 T _Inv_Update
8c049a80 T _SB_InvReset
8c049ac0 T _SB_ViewSizeChanged
8c049b00 t _ShowInfoDown_f
8c049b60 t _ShowInfoUp_f
8c049bc0 t _ShowDMDown_f
8c049be0 t _ShowDMUp_f
8c049c00 t _ToggleDM_f
8c049c40 t _InvLeft_f
8c049ce0 t _InvRight_f
8c049d80 t _InvUse_f
8c049e80 t _InvOff_f
8c049ea0 t _SoloScoreboard
8c049fe0 T _SV_StartSound
8c04a2c0 T _SV_SendServerinfo
8c04a4a0 T _SV_ConnectClient
8c04a600 T _SV_AddToFatPVS
8c04a6e0 T _SV_PrepareClientEntities
8c04b760 T _SV_WriteClientdataToMessage
8c04cfc0 T _SV_UpdateToReliableMessages
8c04d100 T _SV_SendClientMessages
8c04d4e0 T _SV_ModelIndex
8c04d5a0 T _SV_CreateBaseline
8c04d7c0 T _SV_SpawnServer
8c04de00 T _SV_Init
8c04df80 T _SV_Edicts
8c04e0e0 T _Sv_Edicts_f
8c04e280 T _SV_StartParticle
8c04e3e0 T _SV_StartParticle2
8c04e4c0 T _SV_StartParticle3
8c04e5a0 T _SV_StartParticle4
8c04e660 T _SV_StopSound
8c04e6c0 T _SV_UpdateSoundPos
8c04e7a0 T _SV_CheckForNewClients
8c04e8e0 T _SV_ClearDatagram
8c04e900 T _SV_FatPVS
8c04e960 T _SV_CleanupEnts
8c04ea40 T _SV_SendClientDatagram
8c04eb80 T _SV_SendNop
8c04ebe0 T _SV_SendReconnect
8c04ec80 T _SV_SaveSpawnparms
8c04ed00 T _SV_CheckBottom
8c04ef80 T _SV_movestep
8c04fa40 T _SV_StepDirection
8c04fb60 T _SV_NewChaseDir
8c04fec0 T _SV_MoveToGoal
8c050040 T _set_move_trace
8c0501c0 T _SV_FixCheckBottom
8c0501e0 T _SV_CloseEnough
8c050260 T _SV_FlyMove
8c0508a0 T _SV_PushEntity
8c050c80 T _SV_PushMove
8c0510c0 T _SV_PushRotate
8c051b00 T _SV_Physics_Pusher
8c051c00 T _SV_CheckStuck
8c051ec0 T _SV_TryUnstick
8c052120 T _SV_WalkMove
8c052500 T _SV_Physics_Client
8c052be0 T _SV_CheckWaterTransition
8c052cc0 T _SV_Physics_Toss
8c0530c0 T _SV_Physics
8c053720 T _SV_CheckAllEnts
8c0537e0 T _SV_CheckVelocity
8c0538c0 T _SV_RunThink
8c053960 T _SV_Impact
8c053a40 T _ClipVelocity
8c053ae0 T _SV_FlyExtras
8c053bc0 T _SV_AddGravity
8c053c20 T _SV_CheckWater
8c053d20 T _SV_WallFriction
8c053de0 T _SV_Physics_None
8c053e60 T _SV_Physics_Noclip
8c053f40 T _SV_Physics_Step
8c054100 T _SV_SetIdealPitch
8c054480 T _SV_UserFriction
8c0545e0 T _SV_FlightMove
8c0547e0 T _SV_WaterMove
8c054ae0 T _SV_AirMove
8c054d80 T _SV_ClientThink
8c054fe0 T _SV_ReadClientMessage
8c055480 T _SV_Accelerate
8c055500 T _SV_AirAccelerate
8c0555c0 T _DropPunchAngle
8c055640 T _SV_WaterJump
8c0556c0 T _SV_ReadClientMove
8c055840 T _SV_RunClients
8c055960 T _V_DriftPitch
8c055b20 T _V_DriftRoll
8c055be0 T _V_ParseDamage
8c055de0 T _V_CalcPowerupCshift
8c055ec0 T _V_CalcBlend
8c056060 T _V_UpdatePalette
8c0563e0 T _CalcGunAngle
8c0565c0 T _V_CalcRefdef
8c056d60 T _V_RenderView
8c057000 T _V_Init
8c057180 T _V_CalcRoll
8c057240 T _V_CalcBob
8c057320 T _V_StartPitchDrift
8c057380 T _V_StopPitchDrift
8c0573c0 T _BuildGammaTable
8c0574a0 T _V_CheckGamma
8c0575a0 T _V_cshift_f
8c057600 T _V_BonusFlash_f
8c057620 T _V_DarkFlash_f
8c057640 T _V_WhiteFlash_f
8c057660 T _V_SetContentsColor
8c057700 T _angledelta
8c057740 T _V_BoundOffsets
8c0577e0 T _V_AddIdle
8c057880 T _V_CalcViewRoll
8c0579a0 T _V_CalcIntermissionRefdef
8c057a40 T _W_CleanupName
8c057b60 T _W_LoadWadFile
8c057d60 T _W_GetLumpinfo
8c057ee0 T _W_GetLumpName
8c057f00 T _W_GetLumpNum
8c057f60 T _SwapPic
8c057fa0 T _SV_HullForEntity
8c058260 T _SV_CreateAreaNode
8c0583a0 T _SV_TouchLinks
8c058520 T _SV_LinkEdict
8c058920 T _SV_RecursiveHullCheck
8c058e80 T _SV_ClipMoveToEntity
8c059380 T _SV_ClipToLinks
8c059680 T _SV_Move
8c0598c0 T _SV_InitBoxHull
8c059980 T _SV_HullForBox
8c0599c0 T _SV_ClearWorld
8c059ac0 T _SV_UnlinkEdict
8c059b00 T _SV_FindTouchedLeafs
8c059c20 T _SV_HullPointContents
8c059d00 T _SV_PointContents
8c059e00 T _SV_TruePointContents
8c059f00 T _SV_TestEntityPosition
8c059f60 T _WackyBugFixer
8c059fa0 T _SV_MoveBounds
8c05a060 T _Z_Free
8c05a180 T _Z_TagMalloc
8c05a260 T _Hunk_Print
8c05a560 T _Cache_TryAlloc
8c05a720 T _Cache_Print
8c05a8c0 T _Memory_Stats_f
8c05ad40 T _Z_ClearZone
8c05ad80 T _Z_Malloc
8c05ae80 T _Z_Print
8c05af40 T _Z_CheckHeap
8c05b000 T _Hunk_Check
8c05b0a0 T _Hunk_AllocName
8c05b300 T _Hunk_Alloc
8c05b320 T _Hunk_LowMark
8c05b340 T _Hunk_FreeToLowMark
8c05b3a0 T _Hunk_HighMark
8c05b460 T _Hunk_FreeToHighMark
8c05b520 T _Hunk_HighAllocName
8c05b880 T _Hunk_TempAlloc
8c05b9a0 T _Cache_Move
8c05bb00 T _Cache_FreeLow
8c05bb60 T _Cache_FreeHigh
8c05bc60 T _Cache_UnlinkLRU
8c05bca0 T _Cache_MakeLRU
8c05bce0 T _Cache_Flush
8c05bd80 T _Cache_Report
8c05bdc0 T _Cache_Compact
8c05bde0 T _Cache_Init
8c05be20 T _Cache_Free
8c05bea0 T _Cache_Check
8c05bf00 T _Cache_Alloc
8c05c0c0 T _Memory_Display_f
8c05c1e0 T _Cache_Display_f
8c05c320 T _Memory_Init
8c05c460 T _SV_SendEffect
8c05cda0 T _SV_ParseEffect
8c05d3e0 T _SV_SaveEffects
8c05e9e0 T _SV_LoadEffects
8c05f060 T _CL_FreeEffect
8c05f260 T _CL_ParseEffect
8c0613c0 T _CL_UpdateEffects
8c062300 t _NewEffectEntity
8c0623a0 t _FreeEffectEntity
8c0623c0 T _CL_InitEffects
8c0623e0 T _CL_ClearEffects
8c062420 T _SV_ClearEffects
8c062440 T _SV_UpdateEffects
8c062520 T _CL_EndEffect
8c062540 T _CL_LinkEntity
8c062580 T _Scrap_AllocBlock
8c062760 T _Draw_PicFromWad
8c0628a0 T _Draw_CachePic
8c062ac0 T _Draw_TextureMode_f
8c062d20 T _Draw_Init
8c0633c0 T _Draw_Character
8c0634e0 T _Draw_SmallCharacter
8c063680 T _Draw_PicCropped
8c063900 T _Draw_TransPicTranslate
8c063ba0 T _M_DrawBigCharacter
8c063d80 T _Draw_FadeScreen
8c064040 T _GL_ResampleTexture
8c064340 T _GL_Upload32_
8c064860 T _GL_Upload8
8c064f80 T _GL_LoadTexture
8c065180 T _GL_Bind
8c0651c0 T _GL_Texels_f
8c0651e0 T _Scrap_Upload
8c065260 T _Draw_PicFromFile
8c0652c0 T _Draw_CharToConback
8c065380 T _Draw_String
8c0653c0 T _Draw_SmallString
8c065400 T _Draw_DebugChar
8c065420 T _Draw_Pic
8c0655e0 T _Draw_TransPic
8c065640 T _Draw_TransPicCropped
8c065660 T _Draw_ConsoleBackground
8c065680 T _Draw_TileClear
8c0657a0 T _Draw_Fill
8c065880 T _Draw_BeginDisc
8c065920 T _Draw_EndDisc
8c065940 T _GL_Set2D
8c065a60 T _GL_FindTexture
8c065ae0 T _GL_MipMap
8c065be0 T _GL_LoadPicTexture
8c065c20 t _fxPalTexImage2D
8c065d40 T _StripLength
8c066020 T _FanLength
8c066280 T _BuildTris
8c066640 T _GL_MakeAliasModelDisplayLists
8c066860 T _Mod_DecompressVis
8c066960 T _Mod_LoadModel
8c066ac0 T _Mod_LoadTextures
8c066fa0 T _Mod_LoadSubmodels
8c0671c0 T _Mod_LoadTexinfo
8c0673e0 T _CalcSurfaceExtents
8c0675a0 T _Mod_LoadFaces
8c0677e0 T _Mod_LoadNodes
8c0679e0 T _Mod_LoadLeafs
8c067ba0 T _Mod_LoadClipnodes
8c067e00 T _Mod_MakeHull0
8c067f00 T _Mod_LoadPlanes
8c068020 T _Mod_LoadBrushModel
8c068ac0 T _Mod_LoadAliasFrame
8c068ca0 T _Mod_LoadAliasGroup
8c068ec0 T _Mod_FloodFillSkin
8c069100 T _Mod_LoadAllSkins
8c069340 T _Mod_LoadAliasModelNew
8c0699a0 T _Mod_LoadAliasModel
8c069fc0 T _Mod_LoadSpriteFrame
8c06a0e0 T _Mod_LoadSpriteGroup
8c06a400 T _Mod_LoadSpriteModel
8c06a680 T _Mod_Init
8c06a6a0 T _Mod_Extradata
8c06a700 T _Mod_PointInLeaf
8c06a7a0 T _Mod_LeafPVS
8c06a7e0 T _Mod_ClearAll
8c06a8a0 T _Mod_FindName
8c06a980 T _Mod_TouchModel
8c06aaa0 T _Mod_ForName
8c06ab80 T _Mod_LoadLighting
8c06ac20 T _Mod_LoadVisibility
8c06acc0 T _Mod_LoadEntities
8c06ad60 T _Mod_LoadVertexes
8c06af40 T _Mod_LoadEdges
8c06b0a0 T _Mod_SetParent
8c06b0e0 T _Mod_LoadMarksurfaces
8c06b280 T _Mod_LoadSurfedges
8c06b3c0 T _RadiusFromBounds
8c06b480 T _R_AliasTransformVector
8c06b500 T _Mod_Print
8c06b580 T _R_RemoveEfrags
8c06b5c0 T _R_SplitEntityOnNode
8c06b720 T _R_AddEfrags
8c06b7e0 T _R_StoreEfrags
8c06b880 T _R_AnimateLight
8c06b9c0 T _R_RenderDlight
8c06bba0 T _R_MarkLights
8c06bd20 T _RecursiveLightPoint
8c06bfa0 T _AddLightBlend
8c06c000 T _R_RenderDlights
8c06c200 T _R_PushDlights
8c06c2c0 T _R_LightPoint
8c06c340 T _R_GetSpriteFrame
8c06c420 T _R_DrawSpriteModel
8c06c8a0 T _GL_DrawAliasFrame
8c06caa0 T _GL_DrawAliasShadow
8c06ccc0 T _R_DrawAliasModel
8c06d8c0 T _R_DrawEntitiesOnList
8c06da20 T _R_DrawTransEntitiesOnList
8c06de40 T _R_DrawViewModel
8c06e020 T _R_SetFrustum
8c06e140 T _R_SetupGL
8c06e420 T _R_Clear
8c06e560 T _R_Mirror
8c06e920 T _R_RenderView
8c06ed40 T _R_CullBox
8c06edc0 T _R_RotateForEntity
8c06ee40 T _R_SetupAliasFrame
8c06ef00 T _transCompare
8c06ef20 T _R_PolyBlend
8c06f040 T _SignbitsForPlane
8c06f080 T _R_SetupFrame
8c06f1a0 T _MYgluPerspective
8c06f1e0 T _R_RenderScene
8c06f320 T _R_PrintTimes
8c06f380 t _R_RotateForEntity2
8c06f580 T _R_Envmap_f
8c06f7e0 T _R_Init
8c06fb60 T _R_TranslatePlayerSkin
8c070060 T _R_InitTextures
8c0702c0 T _R_InitParticleTexture
8c070460 T _R_NewMap
8c070600 T _R_TimeRefresh_f
8c070720 T _D_FlushCaches
8c070740 T _R_AddDynamicLights
8c070b20 T _R_BuildLightMap
8c070f40 T _R_DrawSequentialPoly
8c071440 T _DrawGLWaterPoly
8c071520 T _DrawGLWaterPolyLightmap
8c071600 T _R_BlendLightmaps
8c0718e0 T _R_RenderBrushPoly
8c071cc0 T _R_DrawWaterSurfaces
8c071e40 T _DrawTextureChains
8c071f40 T _R_DrawBrushModel
8c0722e0 T _R_RecursiveWorldNode
8c0725e0 T _R_DrawWorld
8c0726a0 T _R_MarkLeaves
8c0727c0 T _AllocBlock
8c0729c0 T _BuildSurfaceDisplayList
8c072de0 T _GL_BuildLightmaps
8c073100 T _R_TextureAnimation
8c073220 T _DrawGLPoly
8c073280 T _R_MirrorChain
8c0732a0 T _GL_CreateSurfaceLightmap
8c073320 T _UpdateInfoMessage
8c073400 T _FindTextBreaks
8c0734e0 T _SCR_CenterPrint
8c073540 T _SCR_DrawCenterString
8c073600 T _SCR_CheckDrawCenterString
8c0736a0 t _SCR_CalcRefdef
8c0738e0 T _SCR_SizeUp_f
8c073920 T _SCR_SizeDown_f
8c073960 T _SCR_Init
8c073a40 T _SCR_DrawRam
8c073a80 T _SCR_DrawTurtle
8c073ae0 T _SCR_DrawNet
8c073b40 T _SCR_DrawPause
8c073c20 T _SCR_DrawLoading
8c073d40 T _SCR_SetUpToDrawConsole
8c073ea0 T _SCR_DrawConsole
8c073f20 T _SCR_ScreenShot_f
8c074100 T _SCR_BeginLoadingPlaque
8c0741a0 T _SCR_EndLoadingPlaque
8c0741e0 T _SCR_DrawNotifyString
8c074200 T _SCR_ModalMessage
8c0742a0 T _SCR_BringDownConsole
8c074320 T _SCR_TileClear
8c0743a0 T _Plaque_Draw
8c0744c0 T _Info_Plaque_Draw
8c074600 T _I_DrawCharacter
8c074640 T _I_Print
8c0746a0 T _Bottom_Plaque_Draw
8c074780 T _SB_IntermissionOverlay
8c074ca0 T _SB_FinaleOverlay
8c074ce0 T _SCR_UpdateScreen
8c074f80 T _SubdividePolygon
8c075460 T _EmitSkyPolys
8c0755c0 T _R_InitSky
8c075960 T _BoundPoly
8c075a00 T _GL_SubdivideSurface
8c075b60 T _EmitWaterPolys
8c075c20 T _EmitBothSkyLayers
8c075ce0 T _R_DrawSkyChain
8c075dc0 T _CDAudio_Play
8c076060 T _CDAudio_Stop
8c0760e0 T _CDAudio_Pause
8c076160 T _CDAudio_Resume
8c0761e0 T _CDAudio_Update
8c0763c0 T _CDAudio_Init
8c076400 T _CDAudio_Shutdown
8c076440 t _CDAudio_GetAudioDiskInfo
8c0765c0 T _Sys_SendKeyEvents
8c076860 T _IN_Init
8c076940 T _IN_Shutdown
8c076960 T _IN_Commands
8c076bc0 T _IN_Move
8c076be0 t _IN_MouseMove
8c076da0 t _IN_JoyMove
8c077100 T _Sys_Error
8c077180 T _Sys_Printf
8c0771e0 T _quake_main
8c0773e0 T _main
8c077420 T _Sys_FileOpenRead
8c077480 T _Sys_FileOpenWrite
8c077500 T _Sys_FileClose
8c077520 T _Sys_FileSeek
8c077540 T _Sys_FileRead
8c0775a0 T _Sys_FileWrite
8c0775c0 T _Sys_FileTime
8c077600 T _Sys_mkdir
8c077620 T _Sys_MakeCodeWriteable
8c077640 T _Sys_Quit
8c077660 T _Sys_FloatTime
8c0776e0 T _Sys_ConsoleInput
8c077700 T _Sys_Sleep
8c077720 T _Sys_HighFPPrecision
8c077740 T _Sys_LowFPPrecision
8c077760 T _GetTempPath
8c077780 T _DebugBreak
8c0777a0 T _get_savedir
8c077800 T _MIDI_Init
8c077820 T _MIDI_Cleanup
8c077840 T _MIDI_Play
8c077860 T _MIDI_Stop
8c077880 T _MIDI_Pause
8c0778a0 T _MIDI_Loop
8c0778c0 T _SNDDMA_Init
8c0779a0 T _SNDDMA_GetDMAPos
8c0779e0 T _SNDDMA_Shutdown
8c077a20 T _SNDDMA_Submit
8c077a40 T _S_Init
8c077d00 T _S_PrecacheSound
8c077ea0 T _SND_PickChannel
8c077fe0 T _SND_Spatialize
8c078120 T _S_StartSound
8c0782e0 T _S_StopAllSounds
8c0783a0 T _S_ClearBuffer
8c078420 T _S_StaticSound
8c078560 T _S_UpdateAmbientSounds
8c0786a0 T _S_Update
8c078900 T _S_Update_
8c078a40 T _S_AmbientOff
8c078a60 T _S_AmbientOn
8c078a80 T _S_SoundInfo_f
8c078b60 T _S_Startup
8c078bc0 T _S_Shutdown
8c078c20 T _S_FindName
8c078d40 T _S_TouchSound
8c078ea0 T _S_StopSound
8c078f20 T _S_UpdateSoundPos
8c078fa0 T _S_StopAllSoundsC
8c078fc0 T _GetSoundtime
8c079080 T _S_ExtraUpdate
8c0790c0 T _S_Play
8c0791a0 T _S_PlayVol
8c0792a0 T _S_SoundList
8c079380 T _S_LocalSound
8c079400 T _S_ClearPrecache
8c079420 T _S_BeginPrecaching
8c079440 T _S_EndPrecaching
8c079460 T _ResampleSfx
8c0796a0 T _S_LoadSound
8c0797e0 T _GetWavinfo
8c079da0 T _GetLittleShort
8c079dc0 T _GetLittleLong
8c079e00 T _FindNextChunk
8c079ea0 T _FindChunk
8c079ec0 T _DumpChunks
8c079f60 T _Snd_WriteLinearBlastStereo16_separate
8c07a0e0 T _S_PaintChannels
8c07a2a0 T _SND_PaintChannelFrom8
8c07a400 T _SND_PaintChannelFrom16
8c07a540 T _S_TransferPaintBuffer16
8c07a600 T _SND_InitScaletable
8c07a6c0 T _fnmatch
8c07aba0 t _rangematch
8c07ae20 T _aica_init
8c07af40 T _aica_play
8c07b100 T _aica_stop
8c07b140 T _aica_vol
8c07b180 T _aica_pan
8c07b1c0 T _aica_freq
8c07b260 T _aica_get_pos
8c07b2a0 T _fake_cdda_init
8c07b300 T _fake_cdda_shutdown
8c07b340 T _fake_cdda_play
8c07b5e0 T _fake_cdda_resume
8c07b6c0 T _fake_cdda_pause
8c07b720 T _fake_cdda_stop
8c07b760 T _fake_cdda_volume
8c07b7c0 T _fake_cdda_update
8c07bbc0 t _cdda_read_sectors
8c07bc80 T _mem_open
8c07be60 T _mem_close
8c07bee0 T _mem_read
8c07bfa0 T _mem_write
8c07c0c0 T _mem_seek
8c07c180 T _mem_tell
8c07c1c0 T _mem_total
8c07c200 T _mem_mmap
8c07c240 T _mem_readdir
8c07c300 T _mem_rename
8c07c380 T _mem_unlink
8c07c420 T _fs_mem_init
8c07c480 T _fs_mem_shutdown
8c07c4a0 T _VID_CreateInversePalette
8c07c5a0 T _VID_SetPalette
8c07c7c0 T _VID_ShiftPalette
8c07c7e0 T _VID_Init8bitPalette
8c07c840 T _VID_Init
8c07c960 T _VID_Shutdown
8c07c980 T _VID_Is8bit
8c07c9a0 T _GL_Init
8c07cae0 T _GL_BeginRendering
8c07cb40 T _GL_EndRendering
8c07cb60 T _D_ShowLoadingSize
8c07cbc0 t _ConvertTrueColorToPal
8c07cc60 t _check_header
8c07d260 t _destroy
8c07d3e0 T _gzread
8c07d660 T _gzprintf
8c07d7c0 T _gzseek
8c07da60 T _gzrewind
8c07db00 t _getLong
8c07dd40 T _gzopen
8c07dd60 T _gzdopen
8c07dda0 T _gzsetparams
8c07de40 T _gzgetc
8c07de80 T _gzgets
8c07df00 T _gzwrite
8c07dfe0 T _gzputc
8c07e0c0 T _gzputs
8c07e1a0 T _gzflush
8c07e1e0 T _gztell
8c07e200 T _gzeof
8c07e240 T _gzclose
8c07e2e0 T _gzerror
8c07e3c0 t _gz_open
8c07e6c0 t _do_flush
8c07e820 T _deflateInit2_
8c07ea60 T _deflateSetDictionary
8c07eb40 T _deflateReset
8c07ebe0 T _deflateParams
8c07ed00 T _deflate
8c07f120 T _deflateEnd
8c07f220 T _deflateCopy
8c07f3c0 t _lm_init
8c07f440 t _deflate_stored
8c07f680 t _deflate_fast
8c07fac0 t _deflate_slow
8c080000 T _deflateInit_
8c080040 t _fill_window
8c0801e0 t _longest_match
8c080380 T __tr_stored_block
8c080400 T __tr_align
8c080600 T __tr_flush_block
8c0808e0 t _compress_block
8c080c80 t _set_data_type
8c080d00 t _bi_reverse
8c080d20 t _bi_flush
8c080da0 t _bi_windup
8c080e00 t _copy_block
8c080e80 T __tr_init
8c080f20 T __tr_tally
8c081020 t _build_tree
8c0815a0 t _scan_tree
8c0816a0 t _send_all_trees
8c0818c0 t _gen_bitlen
8c081aa0 t _send_tree
8c081f00 T _zlibVersion
8c081f20 T _zError
8c081f40 T _zcalloc
8c081f60 T _zcfree
8c081f80 T _inflateInit2_
8c082120 T _inflate
8c082520 T _inflateSync
8c082640 T _inflateReset
8c0826a0 T _inflateEnd
8c082700 T _inflateInit_
8c082720 T _inflateSetDictionary
8c0827c0 T _inflateSyncPoint
8c082800 T _inflate_blocks
8c083180 T _inflate_blocks_reset
8c083220 T _inflate_blocks_new
8c083300 T _inflate_blocks_free
8c0833c0 T _inflate_set_dictionary
8c083400 T _inflate_blocks_sync_point
8c083420 T _inflate_trees_dynamic
8c0835a0 T _inflate_trees_bits
8c083660 T _inflate_trees_fixed
8c0836a0 t _huft_build
8c083c00 T _inflate_codes
8c0842c0 T _inflate_codes_new
8c084300 T _inflate_codes_free
8c084320 T _inflate_flush
8c084480 T _inflate_fast
8c0847a0 T _adler32
8c0848c0 T _get_crc_table
8c0848e0 T _crc32
8c0849c0 T _atanf
8c084bc0 T _atan
8c084be0 T _ceilf
8c084cc0 T _ceil
8c084ce0 T _fabsf
8c084d00 T _fabs
8c084d20 T _floorf
8c084e20 T _floor
8c084e40 T _asinf
8c084f40 T _asin
8c084f60 T _atan2f
8c085060 T _atan2
8c085080 T _powf
8c085480 T _pow
8c0854a0 T ___ieee754_asinf
8c0856a0 T ___ieee754_atan2f
8c085960 T ___ieee754_powf
8c086040 T ___ieee754_sqrtf
8c086120 T _matherr
8c086140 T _finitef
8c086160 T _finite
8c086180 T _isnanf
8c0861a0 T _isnan
8c0861c0 T _rintf
8c0862c0 T _rint
8c0862e0 T _scalbnf
8c086420 T _scalbn
8c086440 T _copysignf
8c086460 T _copysign
8c086480 T _glClearDepth
8c0864e0 T _glDepthFunc
8c086720 T _glDepthMask
8c086800 t _transform
8c086840 t _pvr_commit_init
8c086860 t _v_copy
8c0868a0 t __pvr_commit_n
8c086900 t _end_points
8c086ae0 t _end_triangles
8c086be0 t _end_triangle_strip
8c086cc0 t _end_triangle_fan
8c086e00 t _end_quads
8c086f40 t _end_quads_soft
8c087040 t _end_polygon
8c087080 t _end_lines
8c0870a0 t _end_line_loop
8c0870c0 t _end_line_strip
8c0870e0 t _end_quad_strip
8c087100 t _make_poly_hdr
8c087200 T _glBegin
8c0875e0 t _end_dmy
8c087600 T _glEnd
8c087740 T _glVertex3f
8c0878c0 T _glVertex3fv
8c0878e0 T _glVertex2f
8c087900 T _glVertex2fv
8c087920 T _glNormal3f
8c087940 T _glNormal3fv
8c087960 T _glColor4ub
8c087980 T _glColor4ubv
8c0879c0 T _glColor3ub
8c0879e0 T _glColor3ubv
8c087a20 T _glColor3f
8c087a60 T _glColor3fv
8c087a80 T _glColor4f
8c087ac0 T _glColor4fv
8c087ae0 T _glTexCoord2f
8c087b00 T _glTexCoord2fv
8c087b20 t _make_user_clip
8c087d00 T _glScissor
8c087ec0 T _glRasterPos3f
8c087fe0 T _glRasterPos2f
8c088000 T _trans_init
8c088020 T _trans_draw
8c0880e0 T _glKosInit
8c088340 T _glKosShutdown
8c088360 T _glKosGetScreenSize
8c088380 t __gl_list_begin
8c0883a0 T _glKosBeginFrame
8c088540 T _glKosFinishFrame
8c088580 T _glKosFinishList
8c0886a0 T _glKosMatrixApply
8c0886e0 T _glKosMatrixIdent
8c088700 T _glKosPolyHdrDirty
8c088720 T _glKosMatrixDirty
8c088740 T _glKosDebug
8c088760 T _glKosGetProcAddress
8c0887a0 T _glShadeModel
8c0888c0 T _glClearColor
8c0889e0 T _glClear
8c088a40 t _set_cull
8c088aa0 T _glFrontFace
8c088bc0 T _glCullFace
8c088ce0 T _glEnable
8c088f40 T _glDisable
8c0891a0 T _glFlush
8c089200 T _glHint
8c089260 T _glPointSize
8c089320 T _glGetString
8c0893a0 t _init_texture
8c0893c0 T _glGenTextures
8c089580 T _glDeleteTextures
8c0896e0 T _glBindTexture
8c089860 T _glTexImage2D
8c089c20 T _glTexSubImage2D
8c08a000 T _glKosTex2D
8c08a0c0 T _glTexEnvi
8c08a2c0 T _glTexEnvf
8c08a2e0 T _glTexParameteri
8c08a5e0 T _glTexParameterf
8c08a600 T _glMatrixMode
8c08a6e0 T _glLoadIdentity
8c08a780 T _glLoadMatrixf
8c08a840 t _set_transpose
8c08a8a0 T _glLoadTransposeMatrixf
8c08a960 t _MultMatrix
8c08a9a0 T _glMultMatrixf
8c08aa40 T _glMultTransposeMatrixf
8c08ab00 T _glDepthRange
8c08abe0 T _glViewport
8c08ad00 T _glFrustum
8c08ae00 T _glOrtho
8c08af00 T _glPushMatrix
8c08b020 T _glPopMatrix
8c08b140 T _glRotatef
8c08b2a0 T _glScalef
8c08b340 T _glTranslatef
8c08b3e0 T _glGetFloatv
8c08b480 T _glBlendFunc
8c08b7a0 T _glFogf
8c08b7c0 T _glFogi
8c08b7e0 T _glFogiv
8c08b8a0 T _glFogfv
8c08bc00 T _fog_table_color4fv
8c08bc20 T _DCFogfv
8c08bd00 t _build_table
8c08bd60 T _gl_init_palette
8c08be00 T _glColorTable
8c08c080 T _glColorTableEXT
8c08c0a0 T _glReadPixels
8c08c2e0 T _glDrawPixels
8c08c4c0 T _glDrawBuffer
8c08c560 T _glReadBuffer
8c08c600 T _glFinish
8c08c6a0 T _glAlphaFunc
8c08c700 T _glPolygonMode
8c08c760 T _glGetError
8c08c780 T _twidtab_init
8c08c800 T _RGBtoRGB565_twid
8c08c920 T _RGBtoRGB565_twid_offset
8c08ca60 T _RGBAtoRGB565_twid
8c08cb80 T _RGBAtoRGB565_twid_offset
8c08ccc0 T _RGBAtoARGB4444_twid
8c08ce00 T _RGBAtoARGB4444_twid_offset
8c08cf60 T _PAL8_twid
8c08d060 T _PAL8_twid_offset
8c08d280 T _INDEXtoRGB565
8c08d2a0 T _INDEXtoRGB565_offset
8c08d300 T _ALPHAtoARGB4444
8c08d320 T _ALPHAtoARGB4444_offset
8c08d380 T _LUMINANCEtoARGB4444
8c08d3c0 T _LUMINANCEtoARGB4444_offset
8c08d420 T _INTENSITYtoARGB4444
8c08d440 T _INTENSITYtoARGB4444_offset
8c08d4a0 T _RGBtoRGB565
8c08d4e0 T _RGBtoRGB565_offset
8c08d560 T _RGBAtoRGB565
8c08d5a0 T _RGBAtoRGB565_offset
8c08d620 T _RGBAtoARGB4444
8c08d660 T _RGBAtoARGB4444_offset
8c08d6e0 T _RGBtoARGB8888
8c08d720 T _RGBAtoARGB8888
8c08d760 T _RGBAtoRGB565pal
8c08d7c0 t _draw_quad_tex_twid
8c08db40 t _draw_quad_color
8c08dbe0 T _draw_quad
8c08dcc0 T _mat_copy
8c08dcea T _mat_store
8c08dd02 T _mat_load
8c08dd18 T _mat_identity
8c08dd3a T _mat_apply
8c08dd78 T _mat_transform
8c08ddb2 t .loop
8c08de1e t .loopEnd
8c08de42 t .only1Vertex
8c08de58 t .firstInLoop
8c08de7c t .secondInLoop
8c08dea0 t _gdc_init_system
8c08dec0 t _gdc_req_cmd
8c08dee0 t _gdc_get_cmd_stat
8c08df00 t _gdc_exec_server
8c08df20 t _gdc_get_drv_stat
8c08df40 t _gdc_change_data_type
8c08df60 t _cdrom_exec_cmd_nolock
8c08dfc0 T _cdrom_exec_cmd
8c08e040 T _cdrom_get_status
8c08e0e0 T _cdrom_reinit
8c08e200 T _cdrom_read_toc
8c08e220 T _cdrom_read
8c08e2c0 T _cdrom_read_nonblock
8c08e360 t _cdrom_change_mode
8c08e3c0 T _cdrom_read_sectors
8c08e3e0 T _cdrom_read_sectors_raw
8c08e400 T _cdrom_locate_data_track
8c08e480 T _cdrom_cdda_play
8c08e4c0 T _cdrom_cdda_pause
8c08e4e0 T _cdrom_cdda_resume
8c08e500 T _cdrom_spin_down
8c08e520 T _cdrom_init
8c08e580 T _cdrom_shutdown
8c08e5a0 T _cdrom_spinlock_get
8c08e5c0 T _dbgio_set_parameters
8c08e5e0 T _dbgio_enable
8c08e600 T _dbgio_disable
8c08e620 T _dbgio_set_writek
8c08e640 T _dbgio_init
8c08e700 T _dbgio_write
8c08e780 T _dbgio_flush
8c08e7e0 T _dbgio_write_buffer
8c08e820 T _dbgio_write_buffer_xlat
8c08e880 T _dbgio_null_write
8c08e8a0 T _dbgio_read
8c08e8e0 T _dbgio_read_buffer
8c08e920 T _dbgio_printf
8c08fa00 T _irq_save_regs
8c08fa00 t krn_stack
8c08fa90 T _irq_force_return
8c08fa9c t _irqfr_or
8c08faa0 t stkaddr
8c08faa4 t _save_regs_finish
8c08fb2c T _irq_srt_addr
8c08fb30 t hdl_except
8c08fb34 T _irq_vma_table
8c08fc34 t _vma_table_100
8c08ff34 t _vma_table_400
8c090134 t _vma_table_600
8c09013a T _irq_disable
8c090148 t _irqd_or
8c09014c T _irq_enable
8c090158 t _irqe_and
8c09015c T _irq_enable_exc
8c09016c t _irqee_and
8c090170 t _irqee_or
8c090174 T _irq_restore
8c09017a T _irq_get_sr
8c090180 t _fs_root_opendir
8c0901a0 t _fs_root_readdir
8c090240 t _fs_get_handler
8c0902c0 t _fs_resolve_relative
8c090320 T _fs_open
8c090420 T _fs_close
8c090460 T _fs_read
8c0904c0 T _fs_write
8c090500 T _fs_seek
8c090540 T _fs_tell
8c090580 T _fs_total
8c0905c0 T _fs_readdir
8c090620 T _fs_ioctl
8c090660 T _fs_rename
8c090700 T _fs_unlink
8c090760 T _fs_chdir
8c0907a0 T _fs_getwd
8c0907c0 T _fs_mmap
8c090800 T _fs_handler_add
8c090880 T _fs_handler_remove
8c090920 T _fs_init
8c090940 T _fs_shutdown
8c090980 T _g2_read_8
8c090a00 T _g2_write_8
8c090a80 T _g2_read_16
8c090b00 T _g2_write_16
8c090b80 T _g2_read_32
8c090c00 T _g2_write_32
8c090c80 T _g2_read_block_8
8c090d20 T _g2_write_block_8
8c090dc0 T _g2_read_block_32
8c090e60 T _g2_write_block_32
8c090f00 T _g2_fifo_wait
8c090f20 T _irq_inside_int
8c090f40 T _irq_set_handler
8c090f80 T _irq_set_global_handler
8c090fa0 T _irq_dump_regs
8c091040 T _irq_handle_exception
8c0911c0 T _irq_set_context
8c0911e0 T _irq_get_context
8c091200 T _irq_create_context
8c091280 t _irq_def_timer
8c0912a0 T _irq_init
8c0912e4 t _vbr_addr
8c0912e8 t _after_vbr
8c091340 T _irq_shutdown
8c091380 T _kbd_set_queue
8c0913c0 t _kbd_enqueue
8c091420 T _kbd_get_key
8c091460 T _kbd_get_state
8c0914a0 t _kbd_check_poll
8c0915c0 t _kbd_reply
8c091640 t _kbd_poll_intern
8c0916a0 t _kbd_periodic
8c0916c0 t _kbd_attach
8c091700 t _kbd_detach
8c091740 T _kbd_init
8c091760 T _kbd_shutdown
8c091780 T _arch_auto_init
8c091920 T _arch_auto_shutdown
8c0919a0 T _arch_main
8c091a40 T _arch_set_exit_path
8c091aa0 T _arch_shutdown
8c091b40 T _arch_exit
8c091bc0 T _arch_return
8c091be0 T _arch_menu
8c091c20 T _arch_abort
8c091ca0 T _arch_reboot
8c091ce0 T __main
8c091d00 T _maple_compat_resolve
8c091d80 T _maple_device_func
8c091dc0 T _maple_first_device
8c091e40 T _maple_first_controller
8c091e60 T _maple_first_mouse
8c091e80 T _maple_first_kb
8c091ea0 T _maple_first_lcd
8c091ec0 T _maple_first_vmu
8c091ee0 T _cont_get_cond
8c091f60 T _mouse_get_cond
8c092020 T _kbd_poll
8c092040 T _maple_driver_reg
8c092060 T _maple_driver_unreg
8c092080 T _maple_driver_attach
8c092140 T _maple_driver_detach
8c0921a0 T _maple_driver_foreach
8c092240 T _maple_hw_init
8c092400 T _maple_hw_shutdown
8c092500 T _maple_wait_scan
8c0925a0 T _maple_init
8c0925e0 T _maple_shutdown
8c092620 t _vbl_autodet_callback
8c092700 t _vbl_ad_advance
8c092740 t _vbl_autodetect
8c0927c0 T _maple_vbl_irq_hnd
8c092840 T _maple_dma_irq_hnd
8c092900 T _maple_queue_flush
8c092a80 T _maple_queue_frame
8c092b40 T _maple_queue_remove
8c092c00 T _maple_frame_init
8c092cc0 T _maple_frame_lock
8c092d60 T _maple_frame_unlock
8c092dc0 T _maple_bus_enable
8c092de0 T _maple_bus_disable
8c092e00 T _maple_dma_start
8c092e20 T _maple_dma_stop
8c092e40 T _maple_dma_in_progress
8c092e60 T _maple_dma_addr
8c092e80 T _maple_addr
8c092f20 T _maple_raddr
8c092fc0 T _maple_pcaps
8c093080 T _maple_perror
8c0930a0 T _maple_dev_valid
8c0930c0 t _mouse_reply
8c093140 t _mouse_poll
8c0931a0 t _mouse_periodic
8c0931c0 t _mouse_attach
8c093200 t _mouse_detach
8c093220 T _mouse_init
8c093240 T _mouse_shutdown
8c093260 T _net_reg_device
8c0932c0 T _net_unreg_device
8c093320 T _net_dev_init
8c0933a0 T _net_init
8c0933e0 T _net_shutdown
8c093480 T _panic
8c0934a0 T _neg_exp
8c093500 T _float16
8c093540 T _pvr_fog_table_color
8c0935a0 T _pvr_fog_vertex_color
8c0935e0 T _pvr_fog_far_depth
8c093620 T _pvr_fog_table_exp2
8c0936e0 T _pvr_fog_table_exp
8c0937a0 T _pvr_fog_table_linear
8c0938c0 T _pvr_fog_table_custom
8c093980 T _pvr_init_defaults
8c0939c0 T _asic_evt_set_handler_enable
8c093a20 T _pvr_init
8c093ce0 T _pvr_shutdown
8c093d80 T _pvr_int_handler
8c093f20 T _pvr_int_sbrk
8c093f80 T _pvr_mem_malloc
8c094000 T _pvr_mem_free
8c094060 t _pvr_mem_available_int
8c094080 T _pvr_mem_available
8c0940e0 T _pvr_mem_reset
8c094140 T _pvr_int_malloc
8c0941a0 T _pvr_int_free
8c094200 T _pvr_int_realloc
8c094280 T _pvr_int_memalign
8c094300 T _pvr_int_valloc
8c094360 T _pvr_int_pvalloc
8c0943c0 T _pvr_int_calloc
8c094440 T _pvr_int_independent_calloc
8c0944c0 T _pvr_int_independent_comalloc
8c094540 T _pvr_int_cfree
8c0945a0 T _pvr_int_malloc_trim
8c094600 T _pvr_int_malloc_usable_size
8c094660 T _pvr_int_malloc_stats
8c0946a0 T _pvr_int_mallinfo
8c094720 T _pvr_int_mallopt
8c0947a0 t _malloc_init_state
8c0947e0 t _sYSMALLOc
8c094ae0 t _sYSTRIm
8c094b80 t _mALLOc
8c0950a0 t _fREe
8c0951c0 t _malloc_consolidate
8c0952c0 t _rEALLOc
8c095580 t _mEMALIGn
8c095760 t _cALLOc
8c095820 t _cFREe
8c095840 t _iCALLOc
8c095860 t _iCOMALLOc
8c095880 t _iALLOc
8c095b00 t _vALLOc
8c095b60 t _pVALLOc
8c095bc0 t _mTRIm
8c095c00 t _mUSABLe
8c095c60 t _mALLINFo
8c095d60 t _mSTATs
8c095dc0 t _mALLOPt
8c095f20 T _pvr_int_mem_reset
8c095f40 T _pvr_set_bg_color
8c095f80 T _pvr_get_frame_count
8c095fa0 T _pvr_get_stats
8c096040 T _pvr_sync_stats
8c096140 T _pvr_sync_view_page
8c096160 T _pvr_sync_reg_buffer
8c0961e0 T _pvr_begin_queued_render
8c096320 T _pvr_blank_polyhdr
8c096360 T _pvr_poly_compile
8c096640 T _pvr_poly_cxt_col
8c0966c0 T _pvr_poly_cxt_txr
8c096760 T _pvr_set_vertex_buffer
8c0967a0 T _pvr_scene_begin
8c0967c0 T _pvr_scene_begin_txr
8c096800 T _pvr_list_begin
8c096880 T _pvr_list_finish
8c096920 T _pvr_prim
8c096980 T _pvr_list_prim
8c0969c0 T _pvr_list_flush
8c096a00 T _pvr_scene_finish
8c096a80 T _pvr_wait_ready
8c096b00 T _pvr_check_ready
8c096b40 T _spu_memload
8c096c40 T _spu_memread
8c096d40 T _spu_memset
8c096e20 T _spu_enable
8c096e60 T _spu_disable
8c096f00 T _spu_cdda_volume
8c096fa0 T _spu_cdda_pan
8c097060 t _spu_cdda_init
8c097080 T _spu_init
8c097100 T _spu_shutdown
8c097140 T _sq_clr
8c0971c0 T _sq_cpy
8c097240 T _sq_set
8c0972c0 T _sq_set16
8c097340 T _sq_set32
8c0973c0 T _syscall_set_return
8c0973e0 T _syscall_init
8c097400 T _syscall_shutdown
8c097420 t _state_to_str
8c0974e0 T _thd_pslist
8c0975c0 T _thd_pslist_queue
8c0976a0 t _thd_next_free
8c0976c0 T _thd_by_tid
8c097700 t _thd_idle_task
8c097720 T _thd_birth
8c097740 T _thd_exit
8c097760 T _thd_add_to_runnable
8c0977e0 T _thd_remove_from_runnable
8c097840 T _thd_create
8c0979a0 T _thd_destroy
8c097a60 T _thd_set_prio
8c097a80 T _thd_schedule
8c097c40 T _thd_schedule_next
8c097cc0 T _thd_timer_hnd
8c097ce0 T _thd_sleep_jiffies
8c097d40 T _thd_sleep
8c097da0 t _sc_thd_pass
8c097dc0 T _thd_pass
8c097de0 T _thd_get_label
8c097e00 T _thd_set_label
8c097e20 T _thd_get_current
8c097e40 T _thd_get_pwd
8c097e60 T _thd_set_pwd
8c097e80 T _thd_set_mode
8c097f00 T _thd_init
8c098020 T _thd_shutdown
8c0980c0 T _timer_prime
8c098180 T _timer_start
8c0981a0 T _timer_stop
8c0981e0 T _timer_count
8c098200 T _timer_clear
8c098240 T _timer_spin_sleep
8c0982c0 T _timer_enable_ints
8c0982e0 T _timer_disable_ints
8c098300 T _timer_ints_enabled
8c098320 t _timer_ms_handler
8c098340 T _timer_ms_enable
8c0983a0 T _timer_ms_disable
8c0983c0 T _timer_ms_gettime
8c098460 T _timer_primary_enable
8c0984a0 T _timer_primary_disable
8c0984c0 T _timer_init
8c0984e0 T _timer_shutdown
8c098500 T _vid_check_cable
8c098540 T _vid_set_mode
8c0985e0 T _vid_set_mode_ex
8c098900 T _vid_set_start
8c098980 T _vid_flip
8c098a00 T _vid_border_color
8c098a20 T _vid_clear
8c098b00 T _vid_empty
8c098b20 T _vid_waitvbl
8c098b60 T _vid_init
8c098ba0 T _vid_shutdown
8c098bc0 t _vmu_attach
8c098be0 t _vmu_detach
8c098c00 T _vmu_init
8c098c20 T _vmu_shutdown
8c098c40 T _vmu_draw_lcd
8c098ce0 t _vmu_block_read_callback
8c098d00 T _vmu_block_read
8c098e20 t _vmu_block_write_callback
8c098e40 T _vmu_block_write
8c098fe0 T ___assert
8c099060 T _dbglog_set_level
8c099080 T _dbglog
8c0991a0 T _gettimeofday
8c099220 T _time
8c099240 T _difftime
8c099260 T _usleep
8c099280 T _asic_evt_set_handler
8c0992c0 t _handler_irq9
8c099360 T _asic_evt_disable_all
8c099380 T _asic_evt_disable
8c0993c0 T _asic_evt_enable
8c0993e0 T _asic_evt_init
8c099440 T _asic_evt_shutdown
8c099460 T _asic_init
8c099480 T _asic_shutdown
8c0994a0 T _atexit
8c0994e0 T _arch_atexit
8c099540 T _cond_create
8c0995c0 T _cond_destroy
8c099620 t _sc_cond_wait
8c099660 T _cond_wait
8c099680 t _sc_cond_signal
8c0996c0 T _cond_signal
8c099700 T _cond_init
8c099720 T _cond_shutdown
8c099740 T _cont_btn_callback
8c099760 t _cont_reply
8c099860 t _cont_poll
8c0998c0 t _cont_periodic
8c0998e0 t _cont_attach
8c099920 t _cont_detach
8c099960 T _cont_init
8c099980 T _cont_shutdown
8c0999a0 T _arch_ctors
8c0999e0 T _arch_dtors
8c099a20 T ___crtend_pullin
8c099a40 T _dcload_writek
8c099b20 T _dcload_open
8c099dc0 T _dcload_close
8c099ec0 T _dcload_read
8c099fc0 T _dcload_write
8c09a0c0 T _dcload_seek
8c09a1c0 T _dcload_tell
8c09a2c0 T _dcload_total
8c09a480 T _dcload_readdir
8c09a680 T _dcload_rename
8c09a800 T _dcload_unlink
8c09a8c0 T _fs_dcload_init_console
8c09a900 T _fs_dcload_init
8c09aa20 T _fs_dcload_shutdown
8c09ab20 t _utf2ucs
8c09ab80 t _ucs2utfn
8c09ac20 t _ucscompare
8c09ace0 t _isjoliet
8c09ad40 t _htohl_32
8c09ad80 t _iso_733
8c09ada0 t _bclear_cache
8c09ae00 t _bgrad_cache
8c09ae40 t _bread_cache
8c09af40 t _bdread
8c09af60 t _biread
8c09af80 t _bclear
8c09afc0 t _init_percd
8c09b180 t _fncompare
8c09b220 t _find_object
8c09b460 t _find_object_path
8c09b540 T _iso_open
8c09b680 T _iso_close
8c09b6a0 T _iso_read
8c09b880 T _iso_seek
8c09b920 T _iso_tell
8c09b960 T _iso_total
8c09b9a0 t _fn_postprocess
8c09ba00 T _iso_readdir
8c09bcc0 T _iso_ioctl
8c09bd00 T _fs_iso9660_init
8c09bdc0 T _fs_iso9660_shutdown
8c09be20 t _ntohl_32
8c09be60 t _romdisk_find_object
8c09bf00 t _romdisk_find
8c09bfe0 T _romdisk_open
8c09c100 T _romdisk_close
8c09c120 T _romdisk_read
8c09c1a0 T _romdisk_seek
8c09c240 T _romdisk_tell
8c09c280 T _romdisk_total
8c09c2c0 T _romdisk_readdir
8c09c3e0 T _romdisk_mmap
8c09c420 T _fs_romdisk_init
8c09c540 T _fs_romdisk_shutdown
8c09c560 t __vmu_block_read
8c09c5c0 t __vmu_block_write
8c09c620 t _dec_to_bcd
8c09c680 t _vmu_fill_dir_time
8c09c740 t _vmu_path_to_addr
8c09c7a0 T _vmu_open_dir
8c09c8c0 t _get_fatcache
8c09c9a0 t _release_fatcache
8c09ca60 t _search_free_fat
8c09caa0 t _file_search_dh
8c09cb80 t _file_search
8c09ccc0 t _free_entry_search
8c09cd80 t _is_opened
8c09ce60 T _vmu_open_file
8c09d1a0 T _vmu_open
8c09d2a0 T _vmu_close
8c09d3c0 T _vmu_verify_hnd
8c09d440 T _vmu_read
8c09d6a0 T _vmu_write
8c09da00 t _vmu_write_close
8c09dbe0 T _vmu_seek
8c09dca0 T _vmu_tell
8c09dce0 T _vmu_total
8c09dd20 T _vmu_readdir
8c09de20 T _vmu_unlink
8c09e000 T _fs_vmu_init
8c09e020 T _fs_vmu_shutdown
8c09e040 T _hardware_init
8c09e0a0 T _hardware_shutdown
8c09e120 t _la_set_bank
8c09e180 t _la_read
8c09e1c0 t _la_write
8c09e200 t _la_strobe_eeprom
8c09e240 t _la_read_eeprom
8c09e340 t _la_detect
8c09e420 t _la_hw_init
8c09e600 t _la_start
8c09e680 t _la_stop
8c09e740 t _la_hw_shutdown
8c09e780 t _la_tx
8c09e8c0 t _la_rx
8c09ea20 t _la_irq_hnd
8c09eae0 t _la_if_detect
8c09eb20 t _la_if_init
8c09eb80 t _la_if_shutdown
8c09ebc0 t _la_if_start
8c09ec20 t _la_if_stop
8c09ec80 t _la_if_tx
8c09ecc0 t _la_if_tx_commit
8c09ece0 t _la_if_rx_poll
8c09ed00 t _la_if_set_flags
8c09ed20 T _la_init
8c09edc0 T _la_shutdown
8c09ede0 T _net_input
8c09ee20 T _net_input_set_target
8c09ee40 T _pvr_init_tile_matrix
8c09efa0 T _pvr_init_tile_matrices
8c09efc0 T _pvr_allocate_buffers
8c09f420 T _rtc_unix_secs
8c09f4a0 T _sem_create
8c09f520 T _sem_destroy
8c09f580 t _sc_sem_wait
8c09f5e0 T _sem_wait
8c09f660 t _sc_sem_wait_timed
8c09f6e0 t _swt_ref
8c09f700 T _sem_wait_timed
8c09f7a0 t _sc_sem_signal
8c09f820 T _sem_signal
8c09f860 T _sem_count
8c09f880 T _sem_check_timeouts
8c09f940 T _sem_init
8c09f960 T _sem_shutdown
8c09f980 t _gaps_detect
8c09f9c0 t _gaps_init
8c09fb40 T _bba_get_mac
8c09fb60 T _bba_set_rx_callback
8c09fb80 t _bba_hw_init
8c09fe20 t _rx_reset
8c09fee0 t _bba_hw_shutdown
8c09ff20 t _bba_copy_packet
8c09ffa0 t _flush_packets
8c0a0060 t _rx_enq
8c0a0120 t _bba_rx
8c0a0260 T _bba_tx
8c0a03a0 t _bba_irq_hnd
8c0a04e0 t _bba_if_detect
8c0a0520 t _bba_if_init
8c0a0580 t _bba_if_shutdown
8c0a05c0 t _bba_if_start
8c0a05e0 t _bba_if_stop
8c0a0600 t _bba_if_tx
8c0a0640 t _bba_if_tx_commit
8c0a0660 t _bba_if_rx_poll
8c0a0680 t _bba_if_set_flags
8c0a06a0 t _bba_if_netinput
8c0a06c0 T _bba_init
8c0a07a0 T _bba_shutdown
8c0a07c0 T _dcloadsyscall
8c0a07d0 t dcloadsyscall_k
8c0a07e0 t _checksum
8c0a0820 t _ntohs
8c0a0840 T _net_icmp_input
8c0a0b00 T _abort
8c0a0b20 T _atof
8c0a0b40 T _atoi
8c0a0b60 T _atol
8c0a0b80 T _calloc
8c0a0ba0 T __calloc_r
8c0a0c40 T _exit
8c0a0ca0 T _fclose
8c0a0dc0 T __fdopen_r
8c0a0e60 T _fdopen
8c0a0e80 T _fflush
8c0a0f80 t _std
8c0a0fc0 T ___sfmoreglue
8c0a1020 T ___sfp
8c0a10e0 T __cleanup_r
8c0a1100 T __cleanup
8c0a1120 T ___sinit
8c0a11a0 T ___sflags
8c0a1260 T __fopen_r
8c0a1360 T _fopen
8c0a1380 T _fprintf
8c0a13e0 T _fputc
8c0a1440 T _fread
8c0a1520 T __free_r
8c0a17c0 T __malloc_trim_r
8c0a18c0 T _fscanf
8c0a1920 T _fseek
8c0a1d00 T __fstat_r
8c0a1d60 T _ftell
8c0a1e40 T __fwalk
8c0a1ec0 T _fwrite
8c0a1f20 T _isdigit
8c0a1f40 T _localtime
8c0a1f60 T _localtime_r
8c0a21a0 T ___smakebuf
8c0a2300 T _memalign
8c0a2320 T __memalign_r
8c0a2460 T _malloc
8c0a2480 T _free
8c0a24a0 t _malloc_extend_top
8c0a2660 T __malloc_r
8c0a2b80 T _memcmp
8c0a2be0 T _memcpy
8c0a2bf8 t L_even
8c0a2c0c t L_al4dst
8c0a2c18 t L_2l_loop
8c0a2c2e t L_al4both
8c0a2c30 t L_al4both_loop
8c0a2c3c t L_odddst
8c0a2c4c t L_al4src
8c0a2c4c t L_odd_loop
8c0a2c60 t L_cleanup2
8c0a2c64 t L_cleanup
8c0a2c68 t L_cleanup_loop
8c0a2c70 t L_ready
8c0a2c74 t L_small
8c0a2c80 T _memmove
8c0a2d40 T _memset
8c0a2d50 t L_align_loop
8c0a2d58 t L_dup_bytes
8c0a2d64 t L_store_long_loop
8c0a2d70 t L_store_byte_loop_check0
8c0a2d74 t L_store_byte_loop
8c0a2d7c t L_exit
8c0a2d80 T ___malloc_lock
8c0a2da0 T ___malloc_unlock
8c0a2dc0 T _mallinfo
8c0a2de0 T _malloc_stats
8c0a2e00 T _mallopt
8c0a2e20 T __mstats_r
8c0a2e60 T _mstats
8c0a2e80 T __open_r
8c0a2ee0 T __printf_r
8c0a2f40 T _printf
8c0a2fc0 T __putchar_r
8c0a3060 T _putchar
8c0a3080 T __puts_r
8c0a30e0 T _puts
8c0a3100 T _qsort
8c0a3860 T _srand
8c0a3880 T _rand
8c0a38e0 T _realloc
8c0a3900 T __realloc_r
8c0a3da0 t _lflush
8c0a3de0 T ___srefill
8c0a3f80 T _rewind
8c0a3fc0 T __sbrk_r
8c0a4000 T _setjmp
8c0a4020 T _longjmp
8c0a4042 t retr4
8c0a4060 T __init_signal_r
8c0a40c0 T __signal_r
8c0a4140 T __raise_r
8c0a4200 T ___sigtramp_r
8c0a4280 T _raise
8c0a42a0 T _signal
8c0a42c0 T __init_signal
8c0a42e0 T ___sigtramp
8c0a4300 T __kill_r
8c0a4360 T __getpid_r
8c0a4380 T __sprintf_r
8c0a4420 T _sprintf
8c0a44c0 t _eofread
8c0a44e0 T _sscanf
8c0a45a0 T ___sread
8c0a4600 T ___swrite
8c0a46a0 T ___sseek
8c0a4700 T ___sclose
8c0a4720 T _strcasecmp
8c0a47a0 T _strcat
8c0a4800 T _strchr
8c0a48a0 T _strcmp
8c0a48ac t Longword_loop
8c0a48ba t Longword_loop_end
8c0a48be t L_setup_char_loop
8c0a48c0 t L_char_loop
8c0a48d0 t L_return
8c0a48d8 T _strcpy
8c0a48ec t Longword_loop
8c0a48fc t Longword_loop_end
8c0a4900 t L_char_loop
8c0a4902 t L_char_loop_start
8c0a490c t L_setup_char_loop
8c0a4920 T _strerror
8c0a5680 T _strftime
8c0a5d20 T _strlen
8c0a5d80 T _strlwr
8c0a5dc0 T _strncasecmp
8c0a5e80 T _strncat
8c0a5f00 T _strncmp
8c0a6020 T _strncpy
8c0a60c0 T _strrchr
8c0a6140 T _strstr
8c0a6180 T __strtod_r
8c0a6ce0 T _strtod
8c0a6d00 T _strtodf
8c0a6d20 T __strtol_r
8c0a6ee0 T _strtol
8c0a6f00 T _close
8c0a6f20 T _open
8c0a6f80 T _unlink
8c0a6fa0 T _write
8c0a6fc0 T _tolower
8c0a6fe0 T __user_strerror
8c0a7000 t ___sprint
8c0a7040 t ___sbprintf
8c0a7100 T _vfprintf
8c0a7180 T __vfprintf_r
8c0a8cc0 t _cvt
8c0a8de0 t _exponent
8c0a8ea0 T ___svfscanf
8c0a9f20 T ___sccl
8c0aa020 T _vprintf
8c0aa060 T _vsprintf
8c0aa0e0 T _vsprintf_r
8c0aa140 T ___swbuf
8c0aa240 T __write_r
8c0aa2a0 T ___swsetup
8c0aa3e0 T __close_r
8c0aa420 t _quorem
8c0aa5a0 T __dtoa_r
8c0ab3a0 T _fiprintf
8c0ab400 T ___sfvwrite
8c0ab6e0 T __setlocale_r
8c0ab760 T __localeconv_r
8c0ab780 T _setlocale
8c0ab7a0 T _localeconv
8c0ab7c0 T __lseek_r
8c0ab820 T ___malloc_update_mallinfo
8c0ab880 T __mallinfo_r
8c0ab920 T __mallopt_r
8c0ab9c0 T __malloc_stats_r
8c0aba60 T __mbtowc_r
8c0abac0 T _memchr
8c0abb60 T __Balloc
8c0abbe0 T __Bfree
8c0abc00 T __multadd
8c0abcc0 T __s2b
8c0abd80 T __hi0bits
8c0abde0 T __lo0bits
8c0abec0 T __i2b
8c0abee0 T __multiply
8c0ac040 T __pow5mult
8c0ac160 T __lshift
8c0ac220 T ___mcmp
8c0ac280 T ___mdiff
8c0ac3a0 T __ulp
8c0ac400 T __b2d
8c0ac4a0 T __d2b
8c0ac560 T __ratio
8c0ac600 T __mprec_log10
8c0ac640 T __read_r
8c0ac6a0 T __strtoul_r
8c0ac840 T _strtoul
8c0ac860 T ___submore
8c0ac920 T _ungetc
8c0acaa0 t ___sprint
8c0acae0 t ___sbprintf
8c0acba0 T _vfiprintf
8c0acc20 T __vfiprintf_r
8c0adbe0 T _isinff
8c0adc20 T _isinf
8c0adc40 t L_movstr_2mod4_end
8c0adc48 T ___movstr_i4_odd
8c0adc54 t L_movstr_loop
8c0adc60 t L_movstr_start_even
8c0adc72 T ___movstr_i4_even
8c0adc80 T ___movstrSI12_i4
8c0adca0 T ___sdivsi3_i4
8c0adcb8 T ___udivsi3_i4
8c0adce2 t trivial
8c0adce8 t L1
8c0adcf4 T ___set_fpscr
8c0add20 T ___fixunssfsi
8c0add60 T ___extendsfdf2
8c0addc0 T ___make_dp
8c0ade00 T ___truncdfsf2
8c0ade80 T ___unpack_f
8c0adf60 T ___make_fp
8c0adfa0 T ___pack_d
8c0ae1c0 T ___unpack_d
8c0ae300 T ___lshrdi3
8c0ae360 T ___ashldi3
8c0ae3c0 T ___pack_f
8c0b7e50 r _dwAxisMap
8c0b7e68 r _dwControlMap
8c0b7e80 r _q_key
8c0b7ee8 r _q_shift
8c0b7eec r _cvtbl.2
8c0b7efc r _cvtbl.4
8c0b8410 r _logs
8c0b8674 R _deflate_copyright
8c0b86ac r _configuration_table
8c0b8724 r _extra_lbits
8c0b8798 r _extra_dbits
8c0b8810 r _extra_blbits
8c0b885c r _bl_order
8c0b8870 r _static_ltree
8c0b8cf0 r _static_dtree
8c0b8d68 R __dist_code
8c0b8f68 R __length_code
8c0b9068 r _base_length
8c0b90dc r _base_dist
8c0b9234 r _mark.0
8c0b9238 r _border
8c0b92f8 R _inflate_copyright
8c0b9328 r _cplens
8c0b93a4 r _cplext
8c0b9420 r _cpdist
8c0b9498 r _cpdext
8c0b9634 r _crc_table
8c0b9a34 r _atanhi
8c0b9a44 r _atanlo
8c0b9a54 r _aT
8c0b9a80 r _one
8c0b9a84 r _huge
8c0b9a88 r _huge
8c0b9a8c r _huge
8c0b9aa8 r _one
8c0b9aac r _huge
8c0b9ab0 r _pio2_hi
8c0b9ab4 r _pio2_lo
8c0b9ab8 r _pio4_hi
8c0b9abc r _pS0
8c0b9ac0 r _pS1
8c0b9ac4 r _pS2
8c0b9ac8 r _pS3
8c0b9acc r _pS4
8c0b9ad0 r _pS5
8c0b9ad4 r _qS1
8c0b9ad8 r _qS2
8c0b9adc r _qS3
8c0b9ae0 r _qS4
8c0b9ae4 r _tiny
8c0b9ae8 r _zero
8c0b9aec r _pi_o_4
8c0b9af0 r _pi_o_2
8c0b9af4 r _pi
8c0b9af8 r _pi_lo
8c0b9afc r _bp
8c0b9b04 r _dp_h
8c0b9b0c r _dp_l
8c0b9b14 r _zero
8c0b9b18 r _one
8c0b9b1c r _two
8c0b9b20 r _two24
8c0b9b24 r _huge
8c0b9b28 r _tiny
8c0b9b2c r _L1
8c0b9b30 r _L2
8c0b9b34 r _L3
8c0b9b38 r _L4
8c0b9b3c r _L5
8c0b9b40 r _L6
8c0b9b44 r _P1
8c0b9b48 r _P2
8c0b9b4c r _P3
8c0b9b50 r _P4
8c0b9b54 r _P5
8c0b9b58 r _lg2
8c0b9b5c r _lg2_h
8c0b9b60 r _lg2_l
8c0b9b64 r _ovt
8c0b9b68 r _cp
8c0b9b6c r _cp_h
8c0b9b70 r _cp_l
8c0b9b74 r _ivln2
8c0b9b78 r _ivln2_h
8c0b9b7c r _ivln2_l
8c0b9b80 r _one
8c0b9b84 r _tiny
8c0b9b88 R ___infinity
8c0b9b90 R ___fdlib_version
8c0b9b94 r _TWO23
8c0b9b9c r _two25
8c0b9ba0 r _twom25
8c0b9ba4 r _huge
8c0b9ba8 r _tiny
8c0b9e90 r _drawfuncs
8c0b9eb8 r _front_drawfuncs
8c0b9ee0 r _initial_fog.0
8c0bb790 r _tra
8c0bb794 r _syscall_entry
8c0bc710 r _rtl_mem
8c0bc714 r _txdesc
8c0bc770 R __ctype_
8c0bc874 r _mon_lengths
8c0bc8d4 r _year_lengths
8c0bd0a4 r _dname_len
8c0bd0c0 r _dname
8c0bd0dc r _mname_len
8c0bd10c r _mname
8c0bd244 r _blanks.0
8c0bd254 r _zeroes.1
8c0bd2b8 r _basefix.0
8c0bd2e4 r _lconv
8c0bd368 r _p05.0
8c0bd374 R ___mprec_tens
8c0bd3d8 R ___mprec_bigtens
8c0bd3e0 R ___mprec_tinytens
8c0bd3e8 r _blanks.0
8c0bd3f8 r _zeroes.1
8c0bd4a0 D _chase_back
8c0bd4b8 D _chase_up
8c0bd4d0 D _chase_right
8c0bd4e8 D _chase_active
8c0bd500 D _cl_upspeed
8c0bd518 D _cl_forwardspeed
8c0bd530 D _cl_backspeed
8c0bd548 D _cl_sidespeed
8c0bd560 D _cl_movespeedkey
8c0bd578 D _cl_yawspeed
8c0bd590 D _cl_pitchspeed
8c0bd5a8 D _cl_anglespeedkey
8c0bd5c0 D _cl_prettylights
8c0bd5d8 D _cl_name
8c0bd5f0 D _cl_color
8c0bd608 D _cl_playerclass
8c0bd620 D _cl_shownet
8c0bd638 D _cl_nolerp
8c0bd650 D _lookspring
8c0bd668 D _lookstrafe
8c0bd680 D _sensitivity
8c0bd698 D _m_pitch
8c0bd6b0 D _m_yaw
8c0bd6c8 D _m_forward
8c0bd6e0 D _m_side
8c0bd6f8 d _lastc.0
8c0bd6fc D _svc_strings
8c0bd7d0 D _color_offsets
8c0bd7e4 d _packet_loss.2
8c0bd7e8 d _cmd_null_string
8c0bd7ec d _cmd_args
8c0bd7f0 d _NumCmds
8c0bd7f4 d _argvdummy
8c0bd7f8 d _safeargvs
8c0bd814 D _registered
8c0bd82c D _sv_gamedir
8c0bd844 D _oem
8c0bd85c D _cmdline
8c0bd874 D _static_registered
8c0bd878 D _msg_suppress_1
8c0bd87c D _H3_VERSION
8c0bd890 D _H3_BUILD
8c0bd894 D _pop
8c0bd994 D _con_cursorspeed
8c0bd998 d _con_text
8c0bd99c D _con_notifytime
8c0bd9b4 d _crctable
8c0bdbb4 D _cvar_null_string
8c0bdbb8 D _host_framerate
8c0bdbd0 D _host_speeds
8c0bdbe8 D _sys_ticrate
8c0bdc00 D _serverprofile
8c0bdc18 D _fraglimit
8c0bdc30 D _timelimit
8c0bdc48 D _teamplay
8c0bdc60 D _samelevel
8c0bdc78 D _noexit
8c0bdc90 D _developer
8c0bdca8 D _skill
8c0bdcc0 D _deathmatch
8c0bdcd8 D _randomclass
8c0bdcf0 D _coop
8c0bdd08 D _pausable
8c0bdd20 D _sys_adaptive
8c0bdd38 D _temp1
8c0bdd50 d _inerror.0
8c0bdd54 d _time1.1
8c0bdd58 d _time2.2
8c0bdd5c d _time3.3
8c0bdd60 d _isdown.6
8c0bdd64 D _shift_down
8c0bdd68 D _edit_line
8c0bdd6c D _history_line
8c0bdd70 D _keynames
8c0bdfb0 D _team_message
8c0bdfb4 d _chat_bufferlen.0
8c0bdfb8 D _vec3_origin
8c0bdfc4 D _nanmask
8c0bdfc8 D _m_oldmission
8c0bdfe0 d _TitlePercent
8c0bdfe4 d _TitleTargetPercent
8c0bdfe8 d _LogoPercent
8c0bdfec d _LogoTargetPercent
8c0bdff0 D _ClassNames
8c0be004 D _ClassNamesU
8c0be018 D _DiffNames
8c0be068 d _LastName.0
8c0be06c d _CanSwitch.1
8c0be070 D _plaquemessage
8c0be074 D _errormessage
8c0be078 D _setup_cursor
8c0be07c D _setup_cursor_table
8c0be094 D _m_net_cursor
8c0be098 D _net_helpMessage
8c0be0d8 D _bindnames
8c0be230 D _keys_top
8c0be234 D _quitMessage
8c0be2b4 D _CreditText
8c0be4dc D _Credit2Text
8c0be734 D _serialConfig_cursor_table
8c0be74c d _ISA_uarts
8c0be75c d _ISA_IRQs
8c0be76c D _serialConfig_baudrate
8c0be784 D _modemConfig_cursor_table
8c0be798 D _lanConfig_cursor
8c0be79c D _lanConfig_cursor_table
8c0be7ac D _levels
8c0be9dc D _episodes
8c0bea60 D _m_serverInfoMessage
8c0bea64 D _gameoptions_cursor_table
8c0bea90 D _searchComplete
8c0bea94 D _localconnectpending
8c0bea98 D _loop_client
8c0bea9c D _loop_server
8c0beaa0 D _net_activeSockets
8c0beaa4 D _net_freeSockets
8c0beaa8 D _net_numsockets
8c0beaac D _serialAvailable
8c0beab0 D _ipxAvailable
8c0beab4 D _tcpipAvailable
8c0beab8 D _DEFAULTnet_hostport
8c0beabc d _listening
8c0beac0 D _slistInProgress
8c0beac4 D _slistSilent
8c0beac8 D _slistLocal
8c0beacc D _slistSendProcedure
8c0beadc D _slistPollProcedure
8c0beaec D _net_activeconnections
8c0beaf0 D _messagesSent
8c0beaf4 D _messagesReceived
8c0beaf8 D _unreliableMessagesSent
8c0beafc D _unreliableMessagesReceived
8c0beb00 D _net_messagetimeout
8c0beb18 D _hostname
8c0beb30 D _configRestored
8c0beb34 D _config_com_port
8c0beb4c D _config_com_irq
8c0beb64 D _config_com_baud
8c0beb7c D _config_com_modem
8c0beb94 D _config_modem_dialtype
8c0bebac D _config_modem_clear
8c0bebc4 D _config_modem_init
8c0bebdc D _config_modem_hangup
8c0bebf4 D _net_allowmultiple
8c0bec0c D _vcrFile
8c0bec10 D _recording
8c0bec14 D _hostCacheCount
8c0bec18 d _pollProcedureList
8c0bec1c d _styleDefs.0
8c0bec84 D _sv_aim
8c0bec9c D _pr_builtin
8c0bee64 D _pr_builtins
8c0bee68 D _pr_numbuiltins
8c0bee6c d _DidIt.2
8c0bee70 D _pr_string_index
8c0bee74 D _pr_global_strings
8c0bee78 D _pr_string_count
8c0bee7c D _pr_info_string_index
8c0bee80 D _pr_global_info_strings
8c0bee84 D _pr_info_string_count
8c0bee88 D _ignore_precache
8c0bee8c D _type_size
8c0beeac D _nomonsters
8c0beec4 D _gamecfg
8c0beedc D _scratch1
8c0beef4 D _scratch2
8c0bef0c D _scratch3
8c0bef24 D _scratch4
8c0bef3c D _savedgamecfg
8c0bef54 D _saved1
8c0bef6c D _saved2
8c0bef84 D _saved3
8c0bef9c D _saved4
8c0befb4 D _max_temp_edicts
8c0befcc d _gefvCache
8c0bf054 d _crc.2
8c0bf05c d _rep.3
8c0bf060 d _pr_opnames
8c0bf204 D _ramp1
8c0bf224 D _ramp2
8c0bf244 D _ramp3
8c0bf264 D _ramp4
8c0bf2a4 D _ramp5
8c0bf2e4 D _ramp6
8c0bf324 D _ramp7
8c0bf364 D _ramp8
8c0bf3a4 D _ramp9
8c0bf3e4 D _ramp10
8c0bf424 D _ramp11
8c0bf444 D _ramp12
8c0bf464 D _leak_color
8c0bf47c D _snow_flurry
8c0bf494 D _snow_active
8c0bf4ac D _BarSpeed
8c0bf4c4 D _sbtemp
8c0bf4dc D _DMMode
8c0bf4f4 d _ChainPosition
8c0bf4f8 d _AmuletAC
8c0bf50c d _BracerAC
8c0bf520 d _BreastplateAC
8c0bf534 d _HelmetAC
8c0bf548 d _oldflags.0
8c0bf54c d _artiNumName.1
8c0bf560 D _sv_sound_distance
8c0bf578 D _sv_update_player
8c0bf590 D _sv_update_monsters
8c0bf5a8 D _sv_update_missiles
8c0bf5c0 D _sv_update_misc
8c0bf5d8 D _sv_ce_scale
8c0bf5f0 D _sv_ce_max_size
8c0bf608 D _intro_playing
8c0bf60c D _skip_start
8c0bf610 D _num_intro_msg
8c0bf614 d _next_update.0
8c0bf618 d _next_count.1
8c0bf61c D _sv_friction
8c0bf634 D _sv_stopspeed
8c0bf64c D _sv_gravity
8c0bf664 D _sv_maxvelocity
8c0bf67c D _sv_nostep
8c0bf694 D _sv_flypitch
8c0bf6ac D _sv_walkpitch
8c0bf6c4 d _vec_origin
8c0bf6d0 D _sv_player
8c0bf6d4 D _sv_edgefriction
8c0bf6ec D _sv_idealpitchscale
8c0bf704 D _sv_idealrollscale
8c0bf71c D _sv_maxspeed
8c0bf734 D _sv_accelerate
8c0bf74c D _lcd_x
8c0bf764 D _lcd_yaw
8c0bf77c D _scr_ofsx
8c0bf794 D _scr_ofsy
8c0bf7ac D _scr_ofsz
8c0bf7c4 D _cl_rollspeed
8c0bf7dc D _cl_rollangle
8c0bf7f4 D _cl_bob
8c0bf80c D _cl_bobcycle
8c0bf824 D _cl_bobup
8c0bf83c D _v_kicktime
8c0bf854 D _v_kickroll
8c0bf86c D _v_kickpitch
8c0bf884 D _v_iyaw_cycle
8c0bf89c D _v_iroll_cycle
8c0bf8b4 D _v_ipitch_cycle
8c0bf8cc D _v_iyaw_level
8c0bf8e4 D _v_iroll_level
8c0bf8fc D _v_ipitch_level
8c0bf914 D _v_idlescale
8c0bf92c D _crosshair
8c0bf944 D _v_centermove
8c0bf95c D _v_centerspeed
8c0bf974 D _v_centerrollspeed
8c0bf98c D _cshift_empty
8c0bf99c D _cshift_water
8c0bf9ac D _cshift_slime
8c0bf9bc D _cshift_lava
8c0bf9cc D _v_gamma
8c0bf9e4 d _oldyaw.1
8c0bf9e8 d _oldpitch.2
8c0bf9ec d _oldz.3
8c0bf9f0 D _sys_quake2
8c0bfa08 D _MemoryGroups
8c0bfa54 D _gl_nobind
8c0bfa6c D _gl_max_size
8c0bfa84 D _gl_min_size
8c0bfa9c D _gl_round_down
8c0bfab4 D _gl_picmip
8c0bfacc D _draw_disc
8c0bfb14 D _conback
8c0bfb18 D _gl_lightmap_format
8c0bfb1c D _gl_solid_format
8c0bfb20 D _gl_alpha_format
8c0bfb24 D _gl_filter_min
8c0bfb28 D _gl_filter_max
8c0bfb2c D _modes
8c0bfb74 d _index.0
8c0bfb78 D _r_lasttime1
8c0bfb7c D _r_norefresh
8c0bfb94 D _r_drawentities
8c0bfbac D _r_drawviewmodel
8c0bfbc4 D _r_speeds
8c0bfbdc D _r_fullbright
8c0bfbf4 D _r_lightmap
8c0bfc0c D _r_shadows
8c0bfc24 D _r_mirroralpha
8c0bfc3c D _r_wateralpha
8c0bfc54 D _r_dynamic
8c0bfc6c D _r_novis
8c0bfc84 D _r_wholeframe
8c0bfc9c D _gl_clear
8c0bfcb4 D _gl_cull
8c0bfccc D _gl_texsort
8c0bfce4 D _gl_smoothmodels
8c0bfcfc D _gl_affinemodels
8c0bfd14 D _gl_polyblend
8c0bfd2c D _gl_flashblend
8c0bfd44 D _gl_playermip
8c0bfd5c D _gl_nocolors
8c0bfd74 D _gl_keeptjunctions
8c0bfd8c D _gl_reporttjunctions
8c0bfda4 D _r_avertexnormals
8c0c053c D _r_avertexnormal_dots
8c0c453c D _shadedots
8c0c4540 D _dottexture
8c0c4640 D _scr_viewsize
8c0c4658 D _scr_fov
8c0c4670 D _scr_conspeed
8c0c4688 D _scr_centertime
8c0c46a0 D _scr_showram
8c0c46b8 D _scr_showturtle
8c0c46d0 D _scr_showpause
8c0c46e8 D _scr_printspeed
8c0c4700 D _introTime
8c0c4704 d _scr_needfull
8c0c4708 D _info_up
8c0c470c d _newdraw.1
8c0c4710 D _turbsin
8c0c4b10 d _cdValid
8c0c4b14 d _playing
8c0c4b18 d _wasPlaying
8c0c4b1c d _initialized
8c0c4b20 d _enabled
8c0c4b24 d _playLooping
8c0c4b28 d _fake_cdda
8c0c4b2c D _m_filter
8c0c4b44 D _in_joystick
8c0c4b5c D _joy_name
8c0c4b74 D _joy_advanced
8c0c4b8c D _joy_advaxisx
8c0c4ba4 D _joy_advaxisy
8c0c4bbc D _joy_advaxisz
8c0c4bd4 D _joy_advaxisr
8c0c4bec D _joy_advaxisu
8c0c4c04 D _joy_advaxisv
8c0c4c1c D _joy_forwardthreshold
8c0c4c34 D _joy_sidethreshold
8c0c4c4c D _joy_pitchthreshold
8c0c4c64 D _joy_yawthreshold
8c0c4c7c D _joy_forwardsensitivity
8c0c4c94 D _joy_sidesensitivity
8c0c4cac D _joy_pitchsensitivity
8c0c4cc4 D _joy_yawsensitivity
8c0c4cdc D _LegitCopy
8c0c4ce0 d _basedirs.1
8c0c4cf0 d _args.3
8c0c4d18 d _savedir.4
8c0c4d20 D _snd_blocked
8c0c4d24 d _snd_ambient
8c0c4d28 D _snd_initialized
8c0c4d2c D _shm
8c0c4d30 D _sound_nominal_clip_dist
8c0c4d34 D _desired_speed
8c0c4d38 D _desired_bits
8c0c4d3c D _sound_started
8c0c4d40 D _bgmvolume
8c0c4d58 D _bgmtype
8c0c4d70 D _volume
8c0c4d88 D _nosound
8c0c4da0 D _precache
8c0c4db8 D _loadas8bit
8c0c4dd0 D _bgmbuffer
8c0c4de8 D _ambient_level
8c0c4e00 D _ambient_fade
8c0c4e18 D _snd_noextraupdate
8c0c4e30 D _snd_show
8c0c4e48 D __snd_mixahead
8c0c4e60 D _fakedma
8c0c4e64 D _fakedma_updates
8c0c4e68 d _hash.2
8c0c4e6c d _hash.3
8c0c4e70 D _vmuheader
8c0c50f0 d _vh
8c0c522c D _net_drivers
8c0c540c D _net_numdrivers
8c0c5410 D _net_numlandrivers
8c0c5414 D _vid_initialized
8c0c5418 D _texture_mode
8c0c541c D _texture_extension_number
8c0c5420 D _gl_ztrick
8c0c5438 D _is8bit
8c0c543c D _ColorIndex
8c0c547c D _ColorPercent
8c0c54bc d _been_here.0
8c0c54c0 D _params
8c0c54d8 d _gz_magic
8c0c54e0 d _my_version.0
8c0c54e4 d _static_l_desc
8c0c54f8 d _static_d_desc
8c0c550c d _static_bl_desc
8c0c5520 D _z_errmsg
8c0c5548 d _fixed_bl
8c0c554c d _fixed_bd
8c0c5550 d _fixed_tl
8c0c6550 d _fixed_td
8c0c6650 D _inflate_mask
8c0c6694 d _vert_rgba
8c0c6698 d _vert_u
8c0c669c d _vert_v
8c0c66a0 d _xor
8c0c66a8 d _autouv
8c0c66e0 d _matrix_stack
8c0c6720 d _mf
8c0c6760 d _mo
8c0c67a0 d _mr
8c0c67e0 d _ms
8c0c6820 d _mt
8c0c6860 D _dbgio_writek
8c0c6864 d _serial_enabled
8c0c6868 d _serial_baud
8c0c686c d _serial_fifo
8c0c6870 d _lock
8c0c6874 D _jiffies
8c0c6878 d _kbd_queue_active
8c0c687c d _kbd_queue_tail
8c0c6880 d _kbd_queue_head
8c0c6884 d _keymap_noshift.0
8c0c68ec d _keymap_shift.1
8c0c6954 d _kbd_drv
8c0c6970 D _arch_exit_path
8c0c6974 d _maple_cap_names
8c0c69b4 d _maple_resp_names
8c0c69ec d _mouse_drv
8c0c6a08 D _net_if_list
8c0c6a0c D _net_arp_cache
8c0c6a10 D _inverse_w_depth
8c0c6c10 D _inverse_w_depth260
8c0c6e10 d _exp_table
8c0c7210 d _pvr_mem_base
8c0c7214 d _mALLOC_MUTEx
8c0c7218 D _thd_current
8c0c721c D _thd_mode
8c0c7220 d _tcors
8c0c722c d _tcnts
8c0c7238 d _tcrs
8c0c7244 d _timer_ms_counter
8c0c7248 D _vid_builtin
8c0c7450 D _regs
8c0c7454 D _currmode
8c0c7488 D _vid_mode
8c0c748c d _bpp.0
8c0c7490 d _bpp.1
8c0c7494 d _vmu_drv
8c0c74b0 d _mutex
8c0c74b4 D _dbglog_level
8c0c74b8 D _arch_atexit_handlers
8c0c74bc D _banner
8c0c7508 d _btn_callback
8c0c750c d _btn_callback_addr
8c0c7510 d _btn_callback_btns
8c0c7514 d _controller_drv
8c0c7530 d _mutex
8c0c7534 d _dcload_path
8c0c7538 d _vh
8c0c7674 d _dcload_wrkmem
8c0c7678 D _dcload_type
8c0c767c d _id
8c0c76c0 d _session_base
8c0c76c4 d _root_extent
8c0c76c8 d _root_size
8c0c76cc d _vh
8c0c7808 d _romdisk_image
8c0c780c d _romdisk_hdr
8c0c7810 d _romdisk_files
8c0c7814 d _vh
8c0c7950 d _vmu_fh
8c0c7954 d _vh
8c0c7a90 d _initted
8c0c7a94 D ___kos_init_flags
8c0c7a98 D ___kos_romdisk
8c0c7a9c d _la_bank
8c0c7aa0 d _la_started
8c0c7aa4 d _total_pkts_rx
8c0c7aa8 d _total_pkts_tx
8c0c7aac D _net_input_target
8c0c7ab0 d _impure_data
8c0c7d9c D __impure_ptr
8c0c7da0 D ___malloc_av_
8c0c81a8 D ___malloc_trim_threshold
8c0c81ac D ___malloc_top_pad
8c0c81b0 D ___malloc_sbrk_base
8c0c81b4 D ___malloc_max_sbrked_mem
8c0c81b8 D ___malloc_max_total_mem
8c0c81bc D ___malloc_current_mallinfo
8c0c81e4 D ___mb_cur_max
8c0c81e8 ? ___ctors
8c0c81e8 ? _ctor_list
8c0c81ec ? _ctor_list
8c0c81f0 ? ___ctors_end
8c0c81f0 ? ___dtors
8c0c81f0 ? _dtor_list
8c0c81f4 ? _dtor_list
8c0c81f8 ? ___dtors_end
8c0c81f8 A __bss_start
8c0c81f8 A _edata
8c0c8200 b _heap_end.0
8c0c8204 b _total.1
8c0c8208 b _fh
8c0c8308 b _save_sensitivity
8c0c830c b _lastmsg.0
8c0c8310 b _lasttime.1
8c0c8314 b _cl_Streams
8c0c8d14 b _StreamEntities
8c0ced14 b _StreamEntityCount
8c0ced18 b _cl_sfx_wizhit
8c0ced1c b _cl_sfx_knighthit
8c0ced20 b _cl_sfx_tink1
8c0ced24 b _cl_sfx_ric1
8c0ced28 b _cl_sfx_ric2
8c0ced2c b _cl_sfx_ric3
8c0ced30 b _cl_sfx_r_exp3
8c0ced34 b _cmd_argc
8c0ced38 b _cmd_argv
8c0cee78 b _cmds
8c0cf670 b _cmd_functions
8c0cf674 b _string.0
8c0cfa74 b _exten.1
8c0cfa7c b _string.2
8c0d027c b _largv
8c0d0364 b _cr.0
8c0d0368 b _data.1
8c0d0768 b _inupdate.2
8c0d076c b _timetotal.4
8c0d0770 b _timecount.5
8c0d0774 b _old_time
8c0d0778 b _tinystr.1
8c0d077c b _message
8c0d0780 b _message2
8c0d0784 b _message_time
8c0d0788 b _unused_filler
8c0d078c b _LinePos
8c0d0790 b _LineTimes
8c0d0794 b _MaxLines
8c0d0798 b _SoundPlayed
8c0d079c b _slistStartTime
8c0d07a0 b _slistLastShown
8c0d07a4 b _next
8c0d07b0 b _out.1
8c0d08b0 b _line.0
8c0d09b0 b _line.1
8c0d0ab0 b _line.4
8c0d0b30 b _line.5
8c0d0bb0 b _field_name
8c0d0cb0 b _class_name
8c0d0db0 b _RemoveBadReferences
8c0d0db4 b _pr_stack
8c0d0eb4 b _pr_depth
8c0d0eb8 b _localstack
8c0d2eb8 b _localstack_used
8c0d2ebc b _tracercount.0
8c0d2ec0 b _rider_origin
8c0d2ecc b _sb_updates
8c0d2ed0 b _BarHeight
8c0d2ed4 b _BarTargetHeight
8c0d2ed8 b _sb_nums
8c0d2f04 b _sb_colon
8c0d2f08 b _sb_slash
8c0d2f0c b _fragsort
8c0d2f4c b _scoreboardtext
8c0d308c b _scoreboardtop
8c0d30cc b _scoreboardbottom
8c0d310c b _scoreboardcount
8c0d314c b _scoreboardlines
8c0d3150 b _sb_ShowInfo
8c0d3154 b _sb_ShowDM
8c0d3158 b _InventoryHideTime
8c0d315c b _forward
8c0d3168 b _right
8c0d3174 b _up
8c0d3180 b _oldgammavalue.0
8c0d3184 b _box_hull
8c0d31ac b _box_clipnodes
8c0d31dc b _box_planes
8c0d3254 b _move_type
8c0d3258 b _sv_areanodes
8c0d3658 b _sv_numareanodes
8c0d365c b _EffectEntities
8c0df65c b _EntityUsed
8c0dfa5c b _EffectEntityCount
8c0dfa60 b _decompressed.0
8c0dfe60 b _mins
8c0dfe6c b _maxs
8c0dfe78 b _aliastransform
8c0dfea8 b _tmatrix.0
8c0dfed8 b _trickframe.1
8c0dfedc b _AlwaysDrawModel
8c0dfee0 b _count.0
8c0dfee4 b _LogoPercent.2
8c0dfee8 b _LogoTargetPercent.3
8c0dfeec b _oldscr_viewsize.4
8c0dfef0 b _lines
8c0dfef4 b _StartC
8c0dff60 b _EndC
8c0dffcc b _buffer_s
8c0e9c0c b _buffer_t
8c0f384c b _buffer_pos
8c0f3850 b _cdvolume
8c0f3854 b _remap
8c0f38b8 b _cdrom
8c0f38b9 b _playTrack
8c0f38ba b _maxTrack
8c0f38bc b _toc
8c0f3a54 b _old_state.0
8c0f3ae8 b _old_addr.1
8c0f3aec b _prev_buttons.3
8c0f3af0 b _prev_buttons.5
8c0f3af4 b _parms.0
8c0f3b0c b _secbase.2
8c0f3b10 b _snd_inited
8c0f3b14 b _buffers.0
8c0f3b18 b _oldsamplepos.1
8c0f3b1c b _cdda_chn
8c0f3b20 b _n_sec
8c0f3b24 b _vol_l
8c0f3b28 b _vol_r
8c0f3b2c b _start_sector
8c0f3b30 b _end_sector
8c0f3b34 b _current_sector
8c0f3b38 b _loopcnt
8c0f3b3c b _status
8c0f3b40 b _snd_l
8c0f3b44 b _snd_r
8c0f3b48 b _sampsize
8c0f3b4c b _prev_pos
8c0f3b50 b _writed_pos
8c0f3b54 b _fh
8c0f3cd4 b _tbl
8c0f41d4 b _dirfd
8c0f42e4 b _mutex
8c0f4300 b _opaque_vtxbuf
8c134300 b _trans_vtxbuf
8c174300 b _vtxbuf
8c174304 b _vbuf_top
8c174308 b _trans_top
8c17430c b _vbuf_size
8c174310 b _istrans
8c174314 b _prev_istrans
8c174318 b _color
8c174320 b _textures
8c176320 b _bindtex
8c176340 b _gl_mat_mv_stack
8c176b40 b _gl_mat_p_stack
8c176bc0 b _gl_mat_t_stack
8c176c40 b _gl_current_matrix
8c176c44 b _gl_current_matrix_stack
8c176c60 b _ml
8c176ca0 b _cd_mode
8c176ca4 b _mutex
8c176ca8 b _printf_buf
8c1770a8 b _mutex
8c1770ac b _fs_handlers
8c1770b0 b _root_readdir_dirent
8c1771bc b _irq_handlers
8c1775bc b _irq_hnd_global
8c1775c0 b _irq_context_default
8c1776a4 b _inside_int
8c1776a8 b _pre_sr
8c1776ac b _pre_vbr
8c1776b0 b _initted
8c1776b4 b _kbd_queue
8c1776d4 b _caps_buffer
8c177ad4 b _fog_alpha
8c177ad8 b _av_
8c177f50 b _tid_highest
8c177f54 b _timer_ms_countdown
8c177f58 b _printf_buf
8c178358 b _asic_evt_handlers
8c178558 b _mutex
8c17855c b _cond_list
8c178560 b _dirent
8c17866c b _joliet
8c178670 b _percd_done
8c178674 b _icache
8c178684 b _dcache
8c178694 b _cache_mutex
8c178698 b _root_dirent
8c1786bc b _fh
8c178f9c b _fh_mutex
8c178fa0 b _fh
8c179880 b _fh_mutex
8c179884 b _vmu_fh_mutex
8c179888 b _writemutex
8c17988c b _fatcache_top
8c179890 b _fatcache_mutex
8c179894 b _la_mac
8c17989c b _current_pkt
8c179e88 b _mutex
8c179e8c b _sem_list
8c179e90 b _rxbuffs
8c17d090 b _rxbuffs_size
8c17d0b0 b _rxbuffs_free_cnt
8c17d0b4 b _rxbuffs_head
8c17d0b8 b _rxbuffs_tail
8c17d0bc b _link_stable
8c17d0c0 b _eth_rx_callback
8c17d0c4 b _pktbuf
8c17d6b0 B _chase_dest_angles
8c17d6bc B _chase_angles
8c17d6c8 B _chase_dest
8c17d6d4 B _playerTranslation
8c17d6d8 B _chase_pos
8c17d6e4 B _in_up
8c17d6f0 B _in_moveright
8c17d6fc B _in_right
8c17d708 B _in_lookdown
8c17d714 B _in_forward
8c17d720 B _in_strafe
8c17d72c B _in_speed
8c17d738 B _in_lookup
8c17d744 B _in_back
8c17d750 B _in_jump
8c17d75c B _in_left
8c17d768 B _in_klook
8c17d774 B _in_crouch
8c17d780 B _in_impulse
8c17d784 B _in_mlook
8c17d790 B _in_use
8c17d79c B _in_moveleft
8c17d7a8 B _in_down
8c17d7b4 B _in_attack
8c17d7c0 B _in_infoplaque
8c17d7cc B _cls
8c17e0dc B _cl_entities
8c19a2dc B _cl
8c1b9bf4 B _cl_visedicts
8c1b9ff4 B _cl_dlights
8c1ba474 B _cl_numvisedicts
8c1ba478 B _cl_efrags
8c1bcc78 B _cl_static_entities
8c1c8c78 B _cl_lightstyle
8c1c9d78 B _puzzle_strings
8c1c9d7c B _LastServerMessageSize
8c1c9d80 B _player_models
8c1c9d94 B _cmd_wait
8c1c9d98 B _trashtest
8c1c9d9c B _cmd_text
8c1c9db8 B _cmd_alias
8c1c9dbc B _cmd_source
8c1c9dc0 B _trashspot
8c1c9dc4 B _com_modified
8c1c9dc8 B _BigShort
8c1c9dcc B _bigendien
8c1c9dd0 B _loadcache
8c1c9dd4 B _loadsize
8c1c9dd8 B _LittleLong
8c1c9ddc B _com_cmdline
8c1c9edc B _BigFloat
8c1c9ee0 B _com_filesize
8c1c9ee4 B _com_token
8c1ca2e4 B _loadbuf
8c1ca2e8 B _msg_badread
8c1ca2ec B _com_argc
8c1ca2f0 B _com_searchpaths
8c1ca2f4 B _com_gamedir
8c1ca374 B _BigLong
8c1ca378 B _proghack
8c1ca37c B _LittleShort
8c1ca380 B _com_argv
8c1ca384 B _com_cachedir
8c1ca404 B _msg_readcount
8c1ca408 B _com_savedir
8c1ca488 B _LittleFloat
8c1ca48c B _con_times
8c1ca49c B _con_vislines
8c1ca4a0 B _con_initialized
8c1ca4a4 B _con_notifylines
8c1ca4a8 B _con_forcedup
8c1ca4ac B _con_totallines
8c1ca4b0 B _con_current
8c1ca4b4 B _con_x
8c1ca4b8 B _con_backscroll
8c1ca4bc B _con_debuglog
8c1ca4c0 B _con_linewidth
8c1ca4c4 B _cvar_vars
8c1ca4c8 B _host_abortserver
8c1ca518 B _host_hunklevel
8c1ca51c B _host_basepal
8c1ca520 B _oldrealtime
8c1ca524 B _host_initialized
8c1ca528 B _host_client
8c1ca52c B _host_parms
8c1ca544 B _realtime
8c1ca548 B _host_time
8c1ca54c B _host_frametime
8c1ca550 B _host_colormap
8c1ca554 B _minimum_memory
8c1ca558 B _host_framecount
8c1ca55c B _info_mask2
8c1ca560 B _noclip_anglehack
8c1ca564 B _tempdir
8c1ca5e4 B _name
8c1ca664 B _info_mask
8c1ca668 B _dest
8c1ca6e8 B _current_skill
8c1ca6ec B _key_lastpress
8c1ca6f0 B _keydown
8c1caaf0 B _key_repeats
8c1caef0 B _consolekeys
8c1cb2f0 B _key_count
8c1cb2f4 B _keybindings
8c1cb6f4 B _menubound
8c1cbaf4 B _key_linepos
8c1cbaf8 B _key_lines
8c1cdaf8 B _key_dest
8c1cdafc B _chat_buffer
8c1cdb1c B _keyshift
8c1cdf1c B _lanConfig_portname
8c1cdf24 B _searchCompleteTime
8c1cdf28 B _m_filenames
8c1ce108 B _modemConfig_clear
8c1ce118 B _lanConfig_joinname
8c1ce138 B _serialConfig_cursor
8c1ce13c B _setup_hostname
8c1ce14c B _vid_menudrawfn
8c1ce150 B _setup_top
8c1ce154 B _options_cursor
8c1ce158 B _serialConfig_baud
8c1ce15c B _load_cursor
8c1ce160 B _BigCharWidth
8c1ce43c B _m_net_saveHeight
8c1ce440 B _serialConfig_comport
8c1ce444 B _startepisode
8c1ce448 B _modemConfig_hangup
8c1ce458 B _m_save_demonum
8c1ce45c B _loadable
8c1ce48c B _m_return_reason
8c1ce4ac B _m_net_items
8c1ce4b0 B _class_flag
8c1ce4b4 B _setup_myname
8c1ce4c4 B _modemConfig_cursor
8c1ce4c8 B _m_return_onerror
8c1ce4cc B _bind_grab
8c1ce4d0 B _setup_oldbottom
8c1ce4d4 B _m_recursiveDraw
8c1ce4d8 B _modemConfig_dialing
8c1ce4dc B _modemConfig_init
8c1ce4fc B _setup_class
8c1ce500 B _gameoptions_cursor
8c1ce504 B _LineText
8c1ce508 B _m_entersound
8c1ce50c B _m_singleplayer_cursor
8c1ce510 B _m_main_cursor
8c1ce514 B _identityTable
8c1ce614 B _m_return_state
8c1ce618 B _translationTable
8c1ce718 B _wasInMenus
8c1ce71c B _m_quit_prevstate
8c1ce720 B _serialConfig_irq
8c1ce724 B _setup_bottom
8c1ce728 B _slist_sorted
8c1ce72c B _m_enter_portals
8c1ce730 B _help_page
8c1ce734 B _m_multiplayer_cursor
8c1ce738 B _m_serverInfoMessageTime
8c1ce73c B _maxplayers
8c1ce740 B _serialConfig_phone
8c1ce750 B _m_class_cursor
8c1ce754 B _slist_cursor
8c1ce758 B _m_state
8c1ce75c B _keys_cursor
8c1ce760 B _m_diff_cursor
8c1ce764 B _vid_menukeyfn
8c1ce768 B _startlevel
8c1ce76c B _setup_oldtop
8c1ce770 B _lanConfig_port
8c1ce774 B _net_time
8c1ce778 B _GetComPortConfig
8c1ce77c B _my_tcpip_address
8c1ce7bc B _GetModemConfig
8c1ce7c0 B _net_driverlevel
8c1ce7c4 B _SetComPortConfig
8c1ce7c8 B _my_ipx_address
8c1ce808 B _hostcache
8c1ceb08 B _net_message
8c1ceb24 B _SetModemConfig
8c1ceb28 B _vcrSendMessage
8c1ceb38 B _vcrConnect
8c1ceb44 B _net_hostport
8c1ceb48 B _vcrGetMessage
8c1ceb5c B _YOffset
8c1ceb60 B _ZOffset
8c1ceb64 B _c_invis
8c1ceb68 B _checkpvs
8c1cef68 B _pr_string_temp
8c1cf368 B _PI
8c1dd6cc B _c_notvis
8c1dd6d0 B _pr_statements
8c1dd6d4 B _pr_globaldefs
8c1dd6d8 B _pr_globals
8c1dd6dc B _pr_functions
8c1dd6e0 B _pr_crc
8c1dd6e4 B _pr_strings
8c1dd6e8 B _progs
8c1dd6ec B _pr_edict_size
8c1dd6f0 B _pr_global_struct
8c1dd6f4 B _isH2MP
8c1dd6f8 B _pr_fielddefs
8c1dd6fc B _pr_trace
8c1dd700 B _pr_xfunction
8c1dd704 B _pr_xstatement
8c1dd708 B _pr_argc
8c1dd70c B _r_pup
8c1dd718 B _r_pright
8c1dd724 B _transTable
8c1dd728 B _MyTable
8c1dd828 B _particles
8c1dd82c B _r_numparticles
8c1dd830 B _free_particles
8c1dd834 B _active_particles
8c1dd838 B _r_ppn
8c1dd844 B _ring_row
8c1dd848 B _inv_flg
8c1dd84c B _art_col
8c1dd850 B _sb_lines
8c1dd854 B _svs
8c1dd868 B _fatbytes
8c1dd86c B _localmodels
8c1de26c B _sv_kingofhill
8c1de270 B _sv
8c201138 B _fatpvs
8c201538 B _cmd
8c201554 B _angles
8c201558 B _wishdir
8c201564 B _origin
8c201568 B _wishspeed
8c20156c B _velocity
8c201570 B _onground
8c201574 B _forward
8c201580 B _v_dmg_roll
8c201584 B _v_blend
8c201594 B _v_dmg_time
8c201598 B _v_dmg_pitch
8c20159c B _right
8c2015a8 B _ramps
8c2018a8 B _up
8c2018b4 B _gammatable
8c2019b4 B _wad_lumps
8c2019b8 B _wad_base
8c2019bc B _wad_numlumps
8c2019c0 B _hunk_size
8c2019c4 B _hunk_tempactive
8c2019c8 B _hunk_base
8c2019cc B _hunk_low_used
8c2019d0 B _mainzone
8c2019d4 B _hunk_tempmark
8c2019d8 B _hunk_high_used
8c2019dc B _cache_head
8c201a14 B _draw_smallchars
8c201a18 B _scrap_dirty
8c201a1c B _menu_cachepics
8c20861c B _pic_texels
8c208620 B _char_smalltexture
8c208624 B _numgltextures
8c208628 B _gltextures
8c213628 B _menu_numcachepics
8c21362c B _scrap_texels
8c22362c B _texels
8c223630 B _scrap_uploads
8c223634 B _draw_chars
8c223638 B _pic_count
8c22363c B _draw_backtile
8c223640 B _draw_menufont
8c223644 B _scrap_allocated
8c223a44 B _menuplyr_pixels
8c22d1ac B _conback_buffer
8c22d1cc B _translate_texture
8c22d1e0 B _char_texture
8c22d1e4 B _scrap_texnum
8c22d1e8 B _char_menufonttexture
8c22d1ec B _used
8c22f1ec B _commands
8c2371ec B _striptris
8c2373ec B _vertexorder
8c23b3ec B _allverts
8c23b3f0 B _paliashdr
8c23b3f4 B _numcommands
8c23b3f8 B _numorder
8c23b3fc B _stripcount
8c23b400 B _stripverts
8c23b600 B _aliasmodel
8c23b604 B _stripstverts
8c23b804 B _alltris
8c23b808 B _loadname
8c23b828 B _posenum
8c23b82c B _mod_numknown
8c23b830 B _loadmodel
8c23b834 B _pheader
8c23b838 B _player_8bit_texels
8c23b84c B _mod_known
8c28251c B _mod_novis
8c28291c B _mod_base
8c282920 B _poseverts
8c282d20 B _stverts
8c288ae0 B _triangles
8c290ae0 B _entity_file_size
8c290ae4 B _r_emaxs
8c290af0 B _r_emins
8c290afc B _r_addent
8c290b00 B _r_pefragtopnode
8c290b04 B _lastlink
8c290b08 B _r_dlightframecount
8c290b0c B _lightplane
8c290b10 B _lightspot
8c290b1c B _frustum
8c290b6c B _cl_transvisedicts
8c29136c B _playertextures
8c291370 B _c_alias_polys
8c291374 B _vpn
8c291380 B _model_constant_alpha
8c291384 B _currententity
8c291388 B _c_sky_polys
8c29138c B _gl_extra_textures
8c2915fc B _r_base_world_matrix
8c29163c B _cl_numtransvisedicts
8c291640 B _mirrortexturenum
8c291644 B _cl_numtranswateredicts
8c291648 B _vright
8c291654 B _r_cache_thrash
8c291658 B _r_visframecount
8c29165c B _vup
8c291668 B _mirror_plane
8c29166c B _shadelight
8c291670 B _r_notexture_mip
8c291674 B _r_worldentity
8c291734 B _ambientlight
8c291738 B _r_entorigin
8c291744 B _modelorg
8c291750 B _c_brush_polys
8c291754 B _r_framecount
8c291758 B _currenttexture
8c29175c B _r_refdef
8c2917e8 B _cl_transwateredicts
8c291fe8 B _mirror
8c291fec B _r_oldviewleaf
8c291ff0 B _d_lightstylevalue
8c2923f0 B _r_viewleaf
8c2923f4 B _shadevector
8c292400 B _lastposenum
8c292404 B _r_world_matrix
8c292444 B _r_time1
8c292448 B _particletexture
8c29244c B _envmap
8c292450 B _r_origin
8c29245c B _r_pcurrentvertbase
8c292460 B _lightmap_polys
8c2924a0 B _nColinElim
8c2924a4 B _lightmap_bytes
8c2924a8 B _lightmap_modified
8c2924e8 B _blocklights
8c2929f8 B _lightmap_textures
8c2929fc B _allocated
8c2949fc B _currentmodel
8c294a00 B _active_lightmaps
8c294a04 B _skytexturenum
8c294a08 B _lightmaps
8c2d4a08 B _total_loading_size
8c2d4a0c B _scr_disabled_time
8c2d4a10 B _scr_copytop
8c2d4a14 B _current_loading_size
8c2d4a18 B _scr_vrect
8c2d4a2c B _scr_drawloading
8c2d4a30 B _scr_turtle
8c2d4a34 B _clearconsole
8c2d4a38 B _scr_centertime_off
8c2d4a3c B _scr_drawdialog
8c2d4a40 B _scr_center_lines
8c2d4a44 B _scr_con_current
8c2d4a48 B _scr_erase_lines
8c2d4a4c B _scr_fullupdate
8c2d4a50 B _scr_conlines
8c2d4a54 B _scr_erase_center
8c2d4a58 B _scr_notifystring
8c2d4a5c B _scr_initialized
8c2d4a60 B _glheight
8c2d4a64 B _scr_centerstring
8c2d4e64 B _gly
8c2d4e68 B _scr_centertime_start
8c2d4e6c B _loading_stage
8c2d4e70 B _infomessage
8c2d5270 B _scr_ram
8c2d5274 B _scr_disabled_for_loading
8c2d5278 B _oldscreensize
8c2d527c B _scr_topupdate
8c2d5280 B _scr_net
8c2d5284 B _glwidth
8c2d5288 B _vid
8c2d52cc B _oldfov
8c2d52d0 B _glx
8c2d52d4 B _clearnotify
8c2d52d8 B _scr_copyeverything
8c2d52dc B _solidskytexture
8c2d52e0 B _alphaskytexture
8c2d52e4 B _speedscale
8c2d52e8 B _warpface
8c2d52ec B _isDedicated
8c2d52f0 B _listener_right
8c2d52fc B _soundtime
8c2d5300 B _listener_up
8c2d530c B _listener_origin
8c2d5318 B _listener_forward
8c2d5324 B _known_sfx
8c2d5328 B _ambient_sfx
8c2d5338 B _sn
8c2d5360 B _paintedtime
8c2d5364 B _total_channels
8c2d5368 B _num_sfx
8c2d536c B _channels
8c2d6b6c B _last_chunk
8c2d6b70 B _iff_end
8c2d6b74 B _cache_full_cycle
8c2d6b78 B _iff_data
8c2d6b7c B _iff_chunk_len
8c2d6b80 B _data_p
8c2d6b84 B _paintbuffer
8c2d7b84 B _snd_scaletable
8c2dbb84 B _net_landrivers
8c2dbe24 B _gl_vendor
8c2dbe28 B _globalcolormap
8c2dfe28 B _d_8to24TranslucentTable
8c2e0228 B _d_8to16table
8c2e0428 B _BTint
8c2e0828 B _RTint
8c2e0c28 B _gl_extensions
8c2e0c2c B _inverse_pal
8c2e8c30 B _gl_renderer
8c2e8c34 B _gl_version
8c2e8c38 B _d_8to24table
8c2e9038 B _GTint
8c2e9438 B _gldepthmin
8c2e943c B _gldepthmax
8c2e9440 B _gl_poly_cxt
8c2e94ac B _gl_scissor_y
8c2e94b0 B _gl_drawbuffer
8c2e94b4 B _gl_blend_dst
8c2e94b8 B _gl_depthmask
8c2e94bc B _gl_scissor_dirty
8c2e94c0 B _gl_error
8c2e94c4 B _gl_viewport_width
8c2e94c8 B _gl_scissor_x
8c2e94cc B _gl_clear_color
8c2e94dc B _gl_viewport_x1
8c2e94e0 B _gl_viewport_height
8c2e94e4 B _gl_rasterpos
8c2e94f4 B _gl_texenv
8c2e94f8 B _gl_readbuffer
8c2e94fc B _gl_front_face
8c2e9500 B _gl_scissor_width
8c2e9520 B _gl_trans_mats
8c2e9620 B _gl_fog_end
8c2e9624 B _gl_null_texture
8c2e9654 B _gl_pbuf_submitted
8c2e9658 B _gl_matrix_mode
8c2e965c B _gl_prim_type
8c2e9660 B _gl_fog_density
8c2e9664 B _gl_capabilities
8c2e9668 B _gl_enabled_lists
8c2e966c B _gl_screen_width
8c2e9670 B _gl_scissor_height
8c2e9674 B _gl_viewport_y1
8c2e9678 B _gl_fog_index
8c2e967c B _gl_active_list
8c2e9680 B _gl_depthrange_far
8c2e9684 B _gl_point_size
8c2e96a0 B _gl_screenview_matrix
8c2e96e0 B _gl_blend_src
8c2e96e4 B _gl_cull_mode
8c2e96e8 B _gl_cur_texture
8c2e96ec B _gl_fog_start
8c2e96f0 B _gl_depthrange_near
8c2e96f4 B _gl_debug
8c2e96f8 B _gl_matrix_dirty
8c2e96fc B _gl_fog_mode
8c2e9700 B _gl_depthfunc
8c2e9704 B _gl_screen_height
8c2e9708 B _gl_fog_color
8c2e9718 B _ARGB4444toRGB565_table
8c2eb718 B _gl_colortable
8c2eb918 B _twidtab
8c2ec918 B ___errno
8c2ec91c B _maple_state
8c2f9d34 B _run_queue
8c2f9d3c B _thd_list
8c2f9d40 B _vram_l
8c2f9d44 B _vram_s
8c2f9d48 B _la_if
8c2f9d94 B _pvr_state
8c2f9e94 B _bba_if
8c2f9ee0 B _rtl
8c2f9eec B _errno
8c2f9ef0 B ___fpscr_values
8c2f9ef8 A _end
